2025-10-25 18:06:24,134 [WARNING] scraper.service source=Visit Andorra recipe=https://visitandorra.com/de/andorra-selected/ - Replay scrape failed again for https://visitandorra.com/de/andorra-selected/ (Visit Andorra): 404 Client Error: Not Found for url: https://visitandorra.com/de/andorra-selected/
2025-10-25 18:06:25,157 [WARNING] scraper.service source=Visit Andorra recipe=https://visitandorra.com/en//plan-your-trip - Replay scrape failed again for https://visitandorra.com/en//plan-your-trip (Visit Andorra): 410 Client Error: Gone for url: https://visitandorra.com/en/plan-your-trip/
2025-10-25 18:12:07,602 [WARNING] urllib3.connectionpool source=- recipe=- - Retrying (Retry(total=2, connect=2, read=3, redirect=None, status=None)) after connection broken by 'NameResolutionError("<urllib3.connection.HTTPSConnection object at 0x7cc5e2578080>: Failed to resolve 'afghankitchenrecipes.com' ([Errno -3] Temporary failure in name resolution)")': /
2025-10-25 18:12:09,211 [WARNING] urllib3.connectionpool source=- recipe=- - Retrying (Retry(total=1, connect=1, read=3, redirect=None, status=None)) after connection broken by 'NameResolutionError("<urllib3.connection.HTTPSConnection object at 0x7cc5e2083170>: Failed to resolve 'afghankitchenrecipes.com' ([Errno -3] Temporary failure in name resolution)")': /
2025-10-25 18:12:11,516 [WARNING] urllib3.connectionpool source=- recipe=- - Retrying (Retry(total=0, connect=0, read=3, redirect=None, status=None)) after connection broken by 'NameResolutionError("<urllib3.connection.HTTPSConnection object at 0x7cc5e13daae0>: Failed to resolve 'afghankitchenrecipes.com' ([Errno -3] Temporary failure in name resolution)")': /
2025-10-25 18:12:12,809 [WARNING] scraper.extractors source=Afghan Kitchen Recipes recipe=https://afghankitchenrecipes.com/ - Listing discovery failed for Afghan Kitchen Recipes (https://afghankitchenrecipes.com/): HTTPSConnectionPool(host='afghankitchenrecipes.com', port=443): Max retries exceeded with url: / (Caused by NameResolutionError("<urllib3.connection.HTTPSConnection object at 0x7cc5e13dacc0>: Failed to resolve 'afghankitchenrecipes.com' ([Errno -3] Temporary failure in name resolution)"))
2025-10-25 18:12:14,037 [WARNING] urllib3.connectionpool source=- recipe=- - Retrying (Retry(total=2, connect=2, read=3, redirect=None, status=None)) after connection broken by 'NameResolutionError("<urllib3.connection.HTTPSConnection object at 0x7cc5e13daf00>: Failed to resolve 'afghankitchenrecipes.com' ([Errno -3] Temporary failure in name resolution)")': /sitemap.xml
2025-10-25 18:12:15,866 [WARNING] urllib3.connectionpool source=- recipe=- - Retrying (Retry(total=1, connect=1, read=3, redirect=None, status=None)) after connection broken by 'NameResolutionError("<urllib3.connection.HTTPSConnection object at 0x7cc5e13db260>: Failed to resolve 'afghankitchenrecipes.com' ([Errno -3] Temporary failure in name resolution)")': /sitemap.xml
2025-10-25 18:12:17,900 [WARNING] urllib3.connectionpool source=- recipe=- - Retrying (Retry(total=0, connect=0, read=3, redirect=None, status=None)) after connection broken by 'NameResolutionError("<urllib3.connection.HTTPSConnection object at 0x7cc5e13db440>: Failed to resolve 'afghankitchenrecipes.com' ([Errno -3] Temporary failure in name resolution)")': /sitemap.xml
2025-10-25 18:12:19,977 [WARNING] urllib3.connectionpool source=- recipe=- - Retrying (Retry(total=2, connect=2, read=3, redirect=None, status=None)) after connection broken by 'NameResolutionError("<urllib3.connection.HTTPSConnection object at 0x7cc5e13db8f0>: Failed to resolve 'afghankitchenrecipes.com' ([Errno -3] Temporary failure in name resolution)")': /sitemap_index.xml
2025-10-25 18:12:21,478 [WARNING] urllib3.connectionpool source=- recipe=- - Retrying (Retry(total=1, connect=1, read=3, redirect=None, status=None)) after connection broken by 'NameResolutionError("<urllib3.connection.HTTPSConnection object at 0x7cc5e13dbbf0>: Failed to resolve 'afghankitchenrecipes.com' ([Errno -3] Temporary failure in name resolution)")': /sitemap_index.xml
2025-10-25 18:12:23,634 [WARNING] urllib3.connectionpool source=- recipe=- - Retrying (Retry(total=0, connect=0, read=3, redirect=None, status=None)) after connection broken by 'NameResolutionError("<urllib3.connection.HTTPSConnection object at 0x7cc5e13dbdd0>: Failed to resolve 'afghankitchenrecipes.com' ([Errno -3] Temporary failure in name resolution)")': /sitemap_index.xml
2025-10-25 18:12:25,191 [WARNING] urllib3.connectionpool source=- recipe=- - Retrying (Retry(total=2, connect=2, read=3, redirect=None, status=None)) after connection broken by 'NameResolutionError("<urllib3.connection.HTTPSConnection object at 0x7cc5e13dbad0>: Failed to resolve 'afghankitchenrecipes.com' ([Errno -3] Temporary failure in name resolution)")': /sitemap-index.xml
2025-10-25 18:12:26,412 [WARNING] urllib3.connectionpool source=- recipe=- - Retrying (Retry(total=1, connect=1, read=3, redirect=None, status=None)) after connection broken by 'NameResolutionError("<urllib3.connection.HTTPSConnection object at 0x7cc5e13dbe60>: Failed to resolve 'afghankitchenrecipes.com' ([Errno -3] Temporary failure in name resolution)")': /sitemap-index.xml
2025-10-25 18:12:27,838 [WARNING] urllib3.connectionpool source=- recipe=- - Retrying (Retry(total=0, connect=0, read=3, redirect=None, status=None)) after connection broken by 'NameResolutionError("<urllib3.connection.HTTPSConnection object at 0x7cc5e13dbe00>: Failed to resolve 'afghankitchenrecipes.com' ([Errno -3] Temporary failure in name resolution)")': /sitemap-index.xml
2025-10-25 18:12:29,910 [WARNING] urllib3.connectionpool source=- recipe=- - Retrying (Retry(total=2, connect=2, read=3, redirect=None, status=None)) after connection broken by 'NameResolutionError("<urllib3.connection.HTTPSConnection object at 0x7cc5e13db1a0>: Failed to resolve 'afghankitchenrecipes.com' ([Errno -3] Temporary failure in name resolution)")': /wp-sitemap.xml
2025-10-25 18:12:31,636 [WARNING] urllib3.connectionpool source=- recipe=- - Retrying (Retry(total=1, connect=1, read=3, redirect=None, status=None)) after connection broken by 'NameResolutionError("<urllib3.connection.HTTPSConnection object at 0x7cc5e13db5f0>: Failed to resolve 'afghankitchenrecipes.com' ([Errno -3] Temporary failure in name resolution)")': /wp-sitemap.xml
2025-10-25 18:12:34,080 [WARNING] urllib3.connectionpool source=- recipe=- - Retrying (Retry(total=0, connect=0, read=3, redirect=None, status=None)) after connection broken by 'NameResolutionError("<urllib3.connection.HTTPSConnection object at 0x7cc5e13db2c0>: Failed to resolve 'afghankitchenrecipes.com' ([Errno -3] Temporary failure in name resolution)")': /wp-sitemap.xml
2025-10-25 18:12:34,278 [ERROR] scraper.service source=Afghan Kitchen Recipes recipe=https://afghankitchenrecipes.com/ - Failed to discover listings for Afghan Kitchen Recipes: Failed to discover listings for Afghan Kitchen Recipes: HTTPSConnectionPool(host='afghankitchenrecipes.com', port=443): Max retries exceeded with url: / (Caused by NameResolutionError("<urllib3.connection.HTTPSConnection object at 0x7cc5e13dacc0>: Failed to resolve 'afghankitchenrecipes.com' ([Errno -3] Temporary failure in name resolution)"))
Traceback (most recent call last):
  File "/home/ollie/development/recipe-repository/scraper/service.py", line 81, in _scrape_template
    article_urls = self._listing_scraper.discover(template)
                   ^^^^^^^^^^^^^^^^^^^^^^^^^^^^^^^^^^^^^^^^
  File "/home/ollie/development/recipe-repository/scraper/extractors.py", line 176, in discover
    raise ListingDiscoveryError(
scraper.extractors.ListingDiscoveryError: Failed to discover listings for Afghan Kitchen Recipes: HTTPSConnectionPool(host='afghankitchenrecipes.com', port=443): Max retries exceeded with url: / (Caused by NameResolutionError("<urllib3.connection.HTTPSConnection object at 0x7cc5e13dacc0>: Failed to resolve 'afghankitchenrecipes.com' ([Errno -3] Temporary failure in name resolution)"))
2025-10-25 18:13:53,845 [WARNING] scraper.extractors source=A Taste of Algeria recipe=https://atasteofalgeria.com/ - Listing discovery failed for A Taste of Algeria (https://atasteofalgeria.com/): 404 Client Error: Not Found for url: https://www.atasteofalgeria.com/
2025-10-25 18:13:55,562 [ERROR] scraper.service source=A Taste of Algeria recipe=https://atasteofalgeria.com/ - Failed to discover listings for A Taste of Algeria: Failed to discover listings for A Taste of Algeria: 404 Client Error: Not Found for url: https://www.atasteofalgeria.com/
Traceback (most recent call last):
  File "/home/ollie/development/recipe-repository/scraper/service.py", line 81, in _scrape_template
    article_urls = self._listing_scraper.discover(template)
                   ^^^^^^^^^^^^^^^^^^^^^^^^^^^^^^^^^^^^^^^^
  File "/home/ollie/development/recipe-repository/scraper/extractors.py", line 176, in discover
    raise ListingDiscoveryError(
scraper.extractors.ListingDiscoveryError: Failed to discover listings for A Taste of Algeria: 404 Client Error: Not Found for url: https://www.atasteofalgeria.com/
2025-10-25 18:14:20,143 [ERROR] scraper.service source=Visit Andorra recipe=https://visitandorra.com/de/andorra-selected/ - Failed to scrape https://visitandorra.com/de/andorra-selected/: 404 Client Error: Not Found for url: https://visitandorra.com/de/andorra-selected/
Traceback (most recent call last):
  File "/home/ollie/development/recipe-repository/scraper/service.py", line 106, in _scrape_template
    recipe = self._article_scraper.scrape(template, url)
             ^^^^^^^^^^^^^^^^^^^^^^^^^^^^^^^^^^^^^^^^^^^
  File "/home/ollie/development/recipe-repository/scraper/extractors.py", line 299, in scrape
    response = self._http.get(url)
               ^^^^^^^^^^^^^^^^^^^
  File "/home/ollie/development/recipe-repository/scraper/http_client.py", line 59, in get
    response.raise_for_status()
  File "/home/ollie/development/recipe-repository/venv/lib/python3.12/site-packages/requests/models.py", line 1026, in raise_for_status
    raise HTTPError(http_error_msg, response=self)
requests.exceptions.HTTPError: 404 Client Error: Not Found for url: https://visitandorra.com/de/andorra-selected/
2025-10-25 18:15:49,809 [ERROR] scraper.service source=Visit Andorra recipe=https://visitandorra.com/en//plan-your-trip - Failed to scrape https://visitandorra.com/en//plan-your-trip: 410 Client Error: Gone for url: https://visitandorra.com/en/plan-your-trip/
Traceback (most recent call last):
  File "/home/ollie/development/recipe-repository/scraper/service.py", line 106, in _scrape_template
    recipe = self._article_scraper.scrape(template, url)
             ^^^^^^^^^^^^^^^^^^^^^^^^^^^^^^^^^^^^^^^^^^^
  File "/home/ollie/development/recipe-repository/scraper/extractors.py", line 299, in scrape
    response = self._http.get(url)
               ^^^^^^^^^^^^^^^^^^^
  File "/home/ollie/development/recipe-repository/scraper/http_client.py", line 59, in get
    response.raise_for_status()
  File "/home/ollie/development/recipe-repository/venv/lib/python3.12/site-packages/requests/models.py", line 1026, in raise_for_status
    raise HTTPError(http_error_msg, response=self)
requests.exceptions.HTTPError: 410 Client Error: Gone for url: https://visitandorra.com/en/plan-your-trip/
2025-10-25 18:22:57,916 [ERROR] scraper.service source=Visit Andorra recipe=https://visitandorra.com/en/andorra-selected/ - Failed to scrape https://visitandorra.com/en/andorra-selected/: 404 Client Error: Not Found for url: https://visitandorra.com/en/andorra-selected/
Traceback (most recent call last):
  File "/home/ollie/development/recipe-repository/scraper/service.py", line 106, in _scrape_template
    recipe = self._article_scraper.scrape(template, url)
             ^^^^^^^^^^^^^^^^^^^^^^^^^^^^^^^^^^^^^^^^^^^
  File "/home/ollie/development/recipe-repository/scraper/extractors.py", line 299, in scrape
    response = self._http.get(url)
               ^^^^^^^^^^^^^^^^^^^
  File "/home/ollie/development/recipe-repository/scraper/http_client.py", line 59, in get
    response.raise_for_status()
  File "/home/ollie/development/recipe-repository/venv/lib/python3.12/site-packages/requests/models.py", line 1026, in raise_for_status
    raise HTTPError(http_error_msg, response=self)
requests.exceptions.HTTPError: 404 Client Error: Not Found for url: https://visitandorra.com/en/andorra-selected/
2025-10-25 18:26:40,763 [WARNING] scraper.service source=Afghan Kitchen Recipes recipe=https://afghankitchenrecipes.com/ - Skipping failure 7 for unknown template Afghan Kitchen Recipes
2025-10-25 18:26:40,764 [WARNING] scraper.service source=Visit Andorra recipe=https://visitandorra.com/de/andorra-selected/ - Skipping failure 1 for unknown template Visit Andorra
2025-10-25 18:26:40,765 [WARNING] scraper.service source=Visit Andorra recipe=https://visitandorra.com/en//plan-your-trip - Skipping failure 2 for unknown template Visit Andorra
2025-10-25 18:26:40,765 [WARNING] scraper.service source=Visit Andorra recipe=https://visitandorra.com/en/andorra-selected/ - Skipping failure 11 for unknown template Visit Andorra
2025-10-25 18:27:16,605 [WARNING] scraper.extractors source=A Taste of Algeria recipe=https://atasteofalgeria.com/ - Listing discovery failed for A Taste of Algeria (https://atasteofalgeria.com/): 404 Client Error: Not Found for url: https://www.atasteofalgeria.com/
2025-10-25 18:27:17,760 [ERROR] scraper.service source=A Taste of Algeria recipe=https://atasteofalgeria.com/ - Failed to discover listings for A Taste of Algeria: Failed to discover listings for A Taste of Algeria: 404 Client Error: Not Found for url: https://www.atasteofalgeria.com/
Traceback (most recent call last):
  File "/home/ollie/development/recipe-repository/scraper/service.py", line 81, in _scrape_template
    article_urls = self._listing_scraper.discover(template)
                   ^^^^^^^^^^^^^^^^^^^^^^^^^^^^^^^^^^^^^^^^
  File "/home/ollie/development/recipe-repository/scraper/extractors.py", line 176, in discover
    raise ListingDiscoveryError(
scraper.extractors.ListingDiscoveryError: Failed to discover listings for A Taste of Algeria: 404 Client Error: Not Found for url: https://www.atasteofalgeria.com/
2025-10-25 18:27:18,186 [WARNING] urllib3.connectionpool source=- recipe=- - Retrying (Retry(total=2, connect=2, read=3, redirect=None, status=None)) after connection broken by 'NameResolutionError("<urllib3.connection.HTTPSConnection object at 0x77d866b3ed50>: Failed to resolve 'tasteantiguabarbuda.com' ([Errno -2] Name or service not known)")': /
2025-10-25 18:27:18,799 [WARNING] urllib3.connectionpool source=- recipe=- - Retrying (Retry(total=1, connect=1, read=3, redirect=None, status=None)) after connection broken by 'NameResolutionError("<urllib3.connection.HTTPSConnection object at 0x77d866b3d820>: Failed to resolve 'tasteantiguabarbuda.com' ([Errno -2] Name or service not known)")': /
2025-10-25 18:27:20,007 [WARNING] urllib3.connectionpool source=- recipe=- - Retrying (Retry(total=0, connect=0, read=3, redirect=None, status=None)) after connection broken by 'NameResolutionError("<urllib3.connection.HTTPSConnection object at 0x77d866b3fad0>: Failed to resolve 'tasteantiguabarbuda.com' ([Errno -2] Name or service not known)")': /
2025-10-25 18:27:20,015 [WARNING] scraper.extractors source=Taste Antigua Barbuda recipe=https://tasteantiguabarbuda.com/ - Listing discovery failed for Taste Antigua Barbuda (https://tasteantiguabarbuda.com/): HTTPSConnectionPool(host='tasteantiguabarbuda.com', port=443): Max retries exceeded with url: / (Caused by NameResolutionError("<urllib3.connection.HTTPSConnection object at 0x77d866b3fbf0>: Failed to resolve 'tasteantiguabarbuda.com' ([Errno -2] Name or service not known)"))
2025-10-25 18:27:20,027 [WARNING] urllib3.connectionpool source=- recipe=- - Retrying (Retry(total=2, connect=2, read=3, redirect=None, status=None)) after connection broken by 'NameResolutionError("<urllib3.connection.HTTPSConnection object at 0x77d866364560>: Failed to resolve 'tasteantiguabarbuda.com' ([Errno -2] Name or service not known)")': /sitemap.xml
2025-10-25 18:27:20,638 [WARNING] urllib3.connectionpool source=- recipe=- - Retrying (Retry(total=1, connect=1, read=3, redirect=None, status=None)) after connection broken by 'NameResolutionError("<urllib3.connection.HTTPSConnection object at 0x77d866366b10>: Failed to resolve 'tasteantiguabarbuda.com' ([Errno -2] Name or service not known)")': /sitemap.xml
2025-10-25 18:27:21,847 [WARNING] urllib3.connectionpool source=- recipe=- - Retrying (Retry(total=0, connect=0, read=3, redirect=None, status=None)) after connection broken by 'NameResolutionError("<urllib3.connection.HTTPSConnection object at 0x77d866366870>: Failed to resolve 'tasteantiguabarbuda.com' ([Errno -2] Name or service not known)")': /sitemap.xml
2025-10-25 18:27:21,877 [WARNING] urllib3.connectionpool source=- recipe=- - Retrying (Retry(total=2, connect=2, read=3, redirect=None, status=None)) after connection broken by 'NameResolutionError("<urllib3.connection.HTTPSConnection object at 0x77d866b3c7a0>: Failed to resolve 'tasteantiguabarbuda.com' ([Errno -2] Name or service not known)")': /sitemap_index.xml
2025-10-25 18:27:22,488 [WARNING] urllib3.connectionpool source=- recipe=- - Retrying (Retry(total=1, connect=1, read=3, redirect=None, status=None)) after connection broken by 'NameResolutionError("<urllib3.connection.HTTPSConnection object at 0x77d866b3f170>: Failed to resolve 'tasteantiguabarbuda.com' ([Errno -2] Name or service not known)")': /sitemap_index.xml
2025-10-25 18:27:23,694 [WARNING] urllib3.connectionpool source=- recipe=- - Retrying (Retry(total=0, connect=0, read=3, redirect=None, status=None)) after connection broken by 'NameResolutionError("<urllib3.connection.HTTPSConnection object at 0x77d866b3e990>: Failed to resolve 'tasteantiguabarbuda.com' ([Errno -2] Name or service not known)")': /sitemap_index.xml
2025-10-25 18:27:23,712 [WARNING] urllib3.connectionpool source=- recipe=- - Retrying (Retry(total=2, connect=2, read=3, redirect=None, status=None)) after connection broken by 'NameResolutionError("<urllib3.connection.HTTPSConnection object at 0x77d866b3e930>: Failed to resolve 'tasteantiguabarbuda.com' ([Errno -2] Name or service not known)")': /sitemap-index.xml
2025-10-25 18:27:24,321 [WARNING] urllib3.connectionpool source=- recipe=- - Retrying (Retry(total=1, connect=1, read=3, redirect=None, status=None)) after connection broken by 'NameResolutionError("<urllib3.connection.HTTPSConnection object at 0x77d866b3fbc0>: Failed to resolve 'tasteantiguabarbuda.com' ([Errno -2] Name or service not known)")': /sitemap-index.xml
2025-10-25 18:27:25,529 [WARNING] urllib3.connectionpool source=- recipe=- - Retrying (Retry(total=0, connect=0, read=3, redirect=None, status=None)) after connection broken by 'NameResolutionError("<urllib3.connection.HTTPSConnection object at 0x77d866b3e210>: Failed to resolve 'tasteantiguabarbuda.com' ([Errno -2] Name or service not known)")': /sitemap-index.xml
2025-10-25 18:27:25,554 [WARNING] urllib3.connectionpool source=- recipe=- - Retrying (Retry(total=2, connect=2, read=3, redirect=None, status=None)) after connection broken by 'NameResolutionError("<urllib3.connection.HTTPSConnection object at 0x77d866b3d7c0>: Failed to resolve 'tasteantiguabarbuda.com' ([Errno -2] Name or service not known)")': /wp-sitemap.xml
2025-10-25 18:27:26,166 [WARNING] urllib3.connectionpool source=- recipe=- - Retrying (Retry(total=1, connect=1, read=3, redirect=None, status=None)) after connection broken by 'NameResolutionError("<urllib3.connection.HTTPSConnection object at 0x77d866b3d1f0>: Failed to resolve 'tasteantiguabarbuda.com' ([Errno -2] Name or service not known)")': /wp-sitemap.xml
2025-10-25 18:27:27,372 [WARNING] urllib3.connectionpool source=- recipe=- - Retrying (Retry(total=0, connect=0, read=3, redirect=None, status=None)) after connection broken by 'NameResolutionError("<urllib3.connection.HTTPSConnection object at 0x77d8660af800>: Failed to resolve 'tasteantiguabarbuda.com' ([Errno -2] Name or service not known)")': /wp-sitemap.xml
2025-10-25 18:27:27,386 [ERROR] scraper.service source=Taste Antigua Barbuda recipe=https://tasteantiguabarbuda.com/ - Failed to discover listings for Taste Antigua Barbuda: Failed to discover listings for Taste Antigua Barbuda: HTTPSConnectionPool(host='tasteantiguabarbuda.com', port=443): Max retries exceeded with url: / (Caused by NameResolutionError("<urllib3.connection.HTTPSConnection object at 0x77d866b3fbf0>: Failed to resolve 'tasteantiguabarbuda.com' ([Errno -2] Name or service not known)"))
Traceback (most recent call last):
  File "/home/ollie/development/recipe-repository/scraper/service.py", line 81, in _scrape_template
    article_urls = self._listing_scraper.discover(template)
                   ^^^^^^^^^^^^^^^^^^^^^^^^^^^^^^^^^^^^^^^^
  File "/home/ollie/development/recipe-repository/scraper/extractors.py", line 176, in discover
    raise ListingDiscoveryError(
scraper.extractors.ListingDiscoveryError: Failed to discover listings for Taste Antigua Barbuda: HTTPSConnectionPool(host='tasteantiguabarbuda.com', port=443): Max retries exceeded with url: / (Caused by NameResolutionError("<urllib3.connection.HTTPSConnection object at 0x77d866b3fbf0>: Failed to resolve 'tasteantiguabarbuda.com' ([Errno -2] Name or service not known)"))
2025-10-25 18:27:28,384 [WARNING] urllib3.connectionpool source=- recipe=- - Retrying (Retry(total=2, connect=2, read=3, redirect=None, status=None)) after connection broken by 'NameResolutionError("<urllib3.connection.HTTPSConnection object at 0x77d866365190>: Failed to resolve 'argentinecuisine.com' ([Errno -2] Name or service not known)")': /
2025-10-25 18:27:28,990 [WARNING] urllib3.connectionpool source=- recipe=- - Retrying (Retry(total=1, connect=1, read=3, redirect=None, status=None)) after connection broken by 'NameResolutionError("<urllib3.connection.HTTPSConnection object at 0x77d866b3ed20>: Failed to resolve 'argentinecuisine.com' ([Errno -2] Name or service not known)")': /
2025-10-25 18:27:30,197 [WARNING] urllib3.connectionpool source=- recipe=- - Retrying (Retry(total=0, connect=0, read=3, redirect=None, status=None)) after connection broken by 'NameResolutionError("<urllib3.connection.HTTPSConnection object at 0x77d866b3e060>: Failed to resolve 'argentinecuisine.com' ([Errno -2] Name or service not known)")': /
2025-10-25 18:27:30,205 [WARNING] scraper.extractors source=Argentine Cuisine recipe=https://argentinecuisine.com/ - Listing discovery failed for Argentine Cuisine (https://argentinecuisine.com/): HTTPSConnectionPool(host='argentinecuisine.com', port=443): Max retries exceeded with url: / (Caused by NameResolutionError("<urllib3.connection.HTTPSConnection object at 0x77d866b3da00>: Failed to resolve 'argentinecuisine.com' ([Errno -2] Name or service not known)"))
2025-10-25 18:27:30,218 [WARNING] urllib3.connectionpool source=- recipe=- - Retrying (Retry(total=2, connect=2, read=3, redirect=None, status=None)) after connection broken by 'NameResolutionError("<urllib3.connection.HTTPSConnection object at 0x77d866b3e4e0>: Failed to resolve 'argentinecuisine.com' ([Errno -2] Name or service not known)")': /sitemap.xml
2025-10-25 18:27:30,826 [WARNING] urllib3.connectionpool source=- recipe=- - Retrying (Retry(total=1, connect=1, read=3, redirect=None, status=None)) after connection broken by 'NameResolutionError("<urllib3.connection.HTTPSConnection object at 0x77d866b3f440>: Failed to resolve 'argentinecuisine.com' ([Errno -2] Name or service not known)")': /sitemap.xml
2025-10-25 18:27:32,036 [WARNING] urllib3.connectionpool source=- recipe=- - Retrying (Retry(total=0, connect=0, read=3, redirect=None, status=None)) after connection broken by 'NameResolutionError("<urllib3.connection.HTTPSConnection object at 0x77d866b3ebd0>: Failed to resolve 'argentinecuisine.com' ([Errno -2] Name or service not known)")': /sitemap.xml
2025-10-25 18:27:32,048 [WARNING] urllib3.connectionpool source=- recipe=- - Retrying (Retry(total=2, connect=2, read=3, redirect=None, status=None)) after connection broken by 'NameResolutionError("<urllib3.connection.HTTPSConnection object at 0x77d866b3f890>: Failed to resolve 'argentinecuisine.com' ([Errno -2] Name or service not known)")': /sitemap_index.xml
2025-10-25 18:27:32,657 [WARNING] urllib3.connectionpool source=- recipe=- - Retrying (Retry(total=1, connect=1, read=3, redirect=None, status=None)) after connection broken by 'NameResolutionError("<urllib3.connection.HTTPSConnection object at 0x77d866b3d370>: Failed to resolve 'argentinecuisine.com' ([Errno -2] Name or service not known)")': /sitemap_index.xml
2025-10-25 18:27:33,866 [WARNING] urllib3.connectionpool source=- recipe=- - Retrying (Retry(total=0, connect=0, read=3, redirect=None, status=None)) after connection broken by 'NameResolutionError("<urllib3.connection.HTTPSConnection object at 0x77d866b3d190>: Failed to resolve 'argentinecuisine.com' ([Errno -2] Name or service not known)")': /sitemap_index.xml
2025-10-25 18:27:33,883 [WARNING] urllib3.connectionpool source=- recipe=- - Retrying (Retry(total=2, connect=2, read=3, redirect=None, status=None)) after connection broken by 'NameResolutionError("<urllib3.connection.HTTPSConnection object at 0x77d866b3f5f0>: Failed to resolve 'argentinecuisine.com' ([Errno -2] Name or service not known)")': /sitemap-index.xml
2025-10-25 18:27:34,495 [WARNING] urllib3.connectionpool source=- recipe=- - Retrying (Retry(total=1, connect=1, read=3, redirect=None, status=None)) after connection broken by 'NameResolutionError("<urllib3.connection.HTTPSConnection object at 0x77d866b3c950>: Failed to resolve 'argentinecuisine.com' ([Errno -2] Name or service not known)")': /sitemap-index.xml
2025-10-25 18:27:35,702 [WARNING] urllib3.connectionpool source=- recipe=- - Retrying (Retry(total=0, connect=0, read=3, redirect=None, status=None)) after connection broken by 'NameResolutionError("<urllib3.connection.HTTPSConnection object at 0x77d8663670e0>: Failed to resolve 'argentinecuisine.com' ([Errno -2] Name or service not known)")': /sitemap-index.xml
2025-10-25 18:27:35,721 [WARNING] urllib3.connectionpool source=- recipe=- - Retrying (Retry(total=2, connect=2, read=3, redirect=None, status=None)) after connection broken by 'NameResolutionError("<urllib3.connection.HTTPSConnection object at 0x77d866b3d370>: Failed to resolve 'argentinecuisine.com' ([Errno -2] Name or service not known)")': /wp-sitemap.xml
2025-10-25 18:27:36,332 [WARNING] urllib3.connectionpool source=- recipe=- - Retrying (Retry(total=1, connect=1, read=3, redirect=None, status=None)) after connection broken by 'NameResolutionError("<urllib3.connection.HTTPSConnection object at 0x77d866b3cd10>: Failed to resolve 'argentinecuisine.com' ([Errno -2] Name or service not known)")': /wp-sitemap.xml
2025-10-25 18:27:37,539 [WARNING] urllib3.connectionpool source=- recipe=- - Retrying (Retry(total=0, connect=0, read=3, redirect=None, status=None)) after connection broken by 'NameResolutionError("<urllib3.connection.HTTPSConnection object at 0x77d866b3c590>: Failed to resolve 'argentinecuisine.com' ([Errno -2] Name or service not known)")': /wp-sitemap.xml
2025-10-25 18:27:37,547 [ERROR] scraper.service source=Argentine Cuisine recipe=https://argentinecuisine.com/ - Failed to discover listings for Argentine Cuisine: Failed to discover listings for Argentine Cuisine: HTTPSConnectionPool(host='argentinecuisine.com', port=443): Max retries exceeded with url: / (Caused by NameResolutionError("<urllib3.connection.HTTPSConnection object at 0x77d866b3da00>: Failed to resolve 'argentinecuisine.com' ([Errno -2] Name or service not known)"))
Traceback (most recent call last):
  File "/home/ollie/development/recipe-repository/scraper/service.py", line 81, in _scrape_template
    article_urls = self._listing_scraper.discover(template)
                   ^^^^^^^^^^^^^^^^^^^^^^^^^^^^^^^^^^^^^^^^
  File "/home/ollie/development/recipe-repository/scraper/extractors.py", line 176, in discover
    raise ListingDiscoveryError(
scraper.extractors.ListingDiscoveryError: Failed to discover listings for Argentine Cuisine: HTTPSConnectionPool(host='argentinecuisine.com', port=443): Max retries exceeded with url: / (Caused by NameResolutionError("<urllib3.connection.HTTPSConnection object at 0x77d866b3da00>: Failed to resolve 'argentinecuisine.com' ([Errno -2] Name or service not known)"))
2025-10-25 18:28:04,553 [WARNING] scraper.extractors source=Taste.com.au recipe=https://www.taste.com.au/recipes - Listing discovery failed for Taste.com.au (https://www.taste.com.au/recipes): 403 Client Error: Forbidden for url: https://www.taste.com.au/recipes
2025-10-25 18:28:05,483 [ERROR] scraper.service source=Taste.com.au recipe=https://www.taste.com.au/ - Failed to discover listings for Taste.com.au: Failed to discover listings for Taste.com.au: 403 Client Error: Forbidden for url: https://www.taste.com.au/recipes
Traceback (most recent call last):
  File "/home/ollie/development/recipe-repository/scraper/service.py", line 81, in _scrape_template
    article_urls = self._listing_scraper.discover(template)
                   ^^^^^^^^^^^^^^^^^^^^^^^^^^^^^^^^^^^^^^^^
  File "/home/ollie/development/recipe-repository/scraper/extractors.py", line 176, in discover
    raise ListingDiscoveryError(
scraper.extractors.ListingDiscoveryError: Failed to discover listings for Taste.com.au: 403 Client Error: Forbidden for url: https://www.taste.com.au/recipes
2025-10-25 18:31:13,660 [ERROR] scraper.service source=Austrian Food recipe=10 Finest Home Improvement And Repair Books For Householders - Failed to persist recipe https://austrianfood.net/10-finest-home-improvement-and-repair-books-for-householders.html: 1406 (22001): Data too long for column 'image' at row 1
Traceback (most recent call last):
  File "/home/ollie/development/recipe-repository/venv/lib/python3.12/site-packages/mysql/connector/connection_cext.py", line 772, in cmd_query
    self._cmysql.query(
_mysql_connector.MySQLInterfaceError: Data too long for column 'image' at row 1

The above exception was the direct cause of the following exception:

Traceback (most recent call last):
  File "/home/ollie/development/recipe-repository/scraper/service.py", line 128, in _scrape_template
    self._repository.save(recipe)
  File "/home/ollie/development/recipe-repository/scraper/repository.py", line 174, in save
    cursor.execute(sql, params)
  File "/home/ollie/development/recipe-repository/venv/lib/python3.12/site-packages/mysql/connector/cursor_cext.py", line 353, in execute
    self._connection.cmd_query(
  File "/home/ollie/development/recipe-repository/venv/lib/python3.12/site-packages/mysql/connector/opentelemetry/context_propagation.py", line 97, in wrapper
    return method(cnx, *args, **kwargs)
           ^^^^^^^^^^^^^^^^^^^^^^^^^^^^
  File "/home/ollie/development/recipe-repository/venv/lib/python3.12/site-packages/mysql/connector/connection_cext.py", line 781, in cmd_query
    raise get_mysql_exception(
mysql.connector.errors.DataError: 1406 (22001): Data too long for column 'image' at row 1
2025-10-25 18:31:15,035 [ERROR] scraper.service source=Austrian Food recipe=10 Home Improvement Ideas That Can Effectively Assist You To Promote A House Quickly - Failed to persist recipe https://austrianfood.net/10-home-improvement-ideas-that-can-effectively-assist-you-to-promote-a-house-quickly.html: 1406 (22001): Data too long for column 'image' at row 1
Traceback (most recent call last):
  File "/home/ollie/development/recipe-repository/venv/lib/python3.12/site-packages/mysql/connector/connection_cext.py", line 772, in cmd_query
    self._cmysql.query(
_mysql_connector.MySQLInterfaceError: Data too long for column 'image' at row 1

The above exception was the direct cause of the following exception:

Traceback (most recent call last):
  File "/home/ollie/development/recipe-repository/scraper/service.py", line 128, in _scrape_template
    self._repository.save(recipe)
  File "/home/ollie/development/recipe-repository/scraper/repository.py", line 174, in save
    cursor.execute(sql, params)
  File "/home/ollie/development/recipe-repository/venv/lib/python3.12/site-packages/mysql/connector/cursor_cext.py", line 353, in execute
    self._connection.cmd_query(
  File "/home/ollie/development/recipe-repository/venv/lib/python3.12/site-packages/mysql/connector/opentelemetry/context_propagation.py", line 97, in wrapper
    return method(cnx, *args, **kwargs)
           ^^^^^^^^^^^^^^^^^^^^^^^^^^^^
  File "/home/ollie/development/recipe-repository/venv/lib/python3.12/site-packages/mysql/connector/connection_cext.py", line 781, in cmd_query
    raise get_mysql_exception(
mysql.connector.errors.DataError: 1406 (22001): Data too long for column 'image' at row 1
2025-10-25 18:31:16,485 [ERROR] scraper.service source=Austrian Food recipe=10 Home Improvement Suggestions That Can Successfully Assist You To Sell A House Shortly - Failed to persist recipe https://austrianfood.net/10-home-improvement-suggestions-that-can-successfully-assist-you-to-sell-a-house-shortly.html: 1406 (22001): Data too long for column 'image' at row 1
Traceback (most recent call last):
  File "/home/ollie/development/recipe-repository/venv/lib/python3.12/site-packages/mysql/connector/connection_cext.py", line 772, in cmd_query
    self._cmysql.query(
_mysql_connector.MySQLInterfaceError: Data too long for column 'image' at row 1

The above exception was the direct cause of the following exception:

Traceback (most recent call last):
  File "/home/ollie/development/recipe-repository/scraper/service.py", line 128, in _scrape_template
    self._repository.save(recipe)
  File "/home/ollie/development/recipe-repository/scraper/repository.py", line 174, in save
    cursor.execute(sql, params)
  File "/home/ollie/development/recipe-repository/venv/lib/python3.12/site-packages/mysql/connector/cursor_cext.py", line 353, in execute
    self._connection.cmd_query(
  File "/home/ollie/development/recipe-repository/venv/lib/python3.12/site-packages/mysql/connector/opentelemetry/context_propagation.py", line 97, in wrapper
    return method(cnx, *args, **kwargs)
           ^^^^^^^^^^^^^^^^^^^^^^^^^^^^
  File "/home/ollie/development/recipe-repository/venv/lib/python3.12/site-packages/mysql/connector/connection_cext.py", line 781, in cmd_query
    raise get_mysql_exception(
mysql.connector.errors.DataError: 1406 (22001): Data too long for column 'image' at row 1
2025-10-25 18:31:38,327 [ERROR] scraper.service source=Austrian Food recipe=11 Tasty Food And Cooking Shows To Stream Now - Failed to persist recipe https://austrianfood.net/11-tasty-food-and-cooking-shows-to-stream-now.html: 1406 (22001): Data too long for column 'image' at row 1
Traceback (most recent call last):
  File "/home/ollie/development/recipe-repository/venv/lib/python3.12/site-packages/mysql/connector/connection_cext.py", line 772, in cmd_query
    self._cmysql.query(
_mysql_connector.MySQLInterfaceError: Data too long for column 'image' at row 1

The above exception was the direct cause of the following exception:

Traceback (most recent call last):
  File "/home/ollie/development/recipe-repository/scraper/service.py", line 128, in _scrape_template
    self._repository.save(recipe)
  File "/home/ollie/development/recipe-repository/scraper/repository.py", line 174, in save
    cursor.execute(sql, params)
  File "/home/ollie/development/recipe-repository/venv/lib/python3.12/site-packages/mysql/connector/cursor_cext.py", line 353, in execute
    self._connection.cmd_query(
  File "/home/ollie/development/recipe-repository/venv/lib/python3.12/site-packages/mysql/connector/opentelemetry/context_propagation.py", line 97, in wrapper
    return method(cnx, *args, **kwargs)
           ^^^^^^^^^^^^^^^^^^^^^^^^^^^^
  File "/home/ollie/development/recipe-repository/venv/lib/python3.12/site-packages/mysql/connector/connection_cext.py", line 781, in cmd_query
    raise get_mysql_exception(
mysql.connector.errors.DataError: 1406 (22001): Data too long for column 'image' at row 1
2025-10-25 18:31:40,749 [ERROR] scraper.service source=Austrian Food recipe=12 Finest Home Improvement Projects Under $100 - Failed to persist recipe https://austrianfood.net/12-finest-home-improvement-projects-under-100.html: 1406 (22001): Data too long for column 'image' at row 1
Traceback (most recent call last):
  File "/home/ollie/development/recipe-repository/venv/lib/python3.12/site-packages/mysql/connector/connection_cext.py", line 772, in cmd_query
    self._cmysql.query(
_mysql_connector.MySQLInterfaceError: Data too long for column 'image' at row 1

The above exception was the direct cause of the following exception:

Traceback (most recent call last):
  File "/home/ollie/development/recipe-repository/scraper/service.py", line 128, in _scrape_template
    self._repository.save(recipe)
  File "/home/ollie/development/recipe-repository/scraper/repository.py", line 174, in save
    cursor.execute(sql, params)
  File "/home/ollie/development/recipe-repository/venv/lib/python3.12/site-packages/mysql/connector/cursor_cext.py", line 353, in execute
    self._connection.cmd_query(
  File "/home/ollie/development/recipe-repository/venv/lib/python3.12/site-packages/mysql/connector/opentelemetry/context_propagation.py", line 97, in wrapper
    return method(cnx, *args, **kwargs)
           ^^^^^^^^^^^^^^^^^^^^^^^^^^^^
  File "/home/ollie/development/recipe-repository/venv/lib/python3.12/site-packages/mysql/connector/connection_cext.py", line 781, in cmd_query
    raise get_mysql_exception(
mysql.connector.errors.DataError: 1406 (22001): Data too long for column 'image' at row 1
2025-10-25 18:31:41,980 [ERROR] scraper.service source=Austrian Food recipe=12 Greatest Home Improvement Tasks Beneath $100 - Failed to persist recipe https://austrianfood.net/12-greatest-home-improvement-tasks-beneath-100.html: 1406 (22001): Data too long for column 'image' at row 1
Traceback (most recent call last):
  File "/home/ollie/development/recipe-repository/venv/lib/python3.12/site-packages/mysql/connector/connection_cext.py", line 772, in cmd_query
    self._cmysql.query(
_mysql_connector.MySQLInterfaceError: Data too long for column 'image' at row 1

The above exception was the direct cause of the following exception:

Traceback (most recent call last):
  File "/home/ollie/development/recipe-repository/scraper/service.py", line 128, in _scrape_template
    self._repository.save(recipe)
  File "/home/ollie/development/recipe-repository/scraper/repository.py", line 174, in save
    cursor.execute(sql, params)
  File "/home/ollie/development/recipe-repository/venv/lib/python3.12/site-packages/mysql/connector/cursor_cext.py", line 353, in execute
    self._connection.cmd_query(
  File "/home/ollie/development/recipe-repository/venv/lib/python3.12/site-packages/mysql/connector/opentelemetry/context_propagation.py", line 97, in wrapper
    return method(cnx, *args, **kwargs)
           ^^^^^^^^^^^^^^^^^^^^^^^^^^^^
  File "/home/ollie/development/recipe-repository/venv/lib/python3.12/site-packages/mysql/connector/connection_cext.py", line 781, in cmd_query
    raise get_mysql_exception(
mysql.connector.errors.DataError: 1406 (22001): Data too long for column 'image' at row 1
2025-10-25 18:31:43,214 [ERROR] scraper.service source=Austrian Food recipe=12 Greatest Home Improvement Tasks Underneath $100 - Failed to persist recipe https://austrianfood.net/12-greatest-home-improvement-tasks-underneath-100.html: 1406 (22001): Data too long for column 'image' at row 1
Traceback (most recent call last):
  File "/home/ollie/development/recipe-repository/venv/lib/python3.12/site-packages/mysql/connector/connection_cext.py", line 772, in cmd_query
    self._cmysql.query(
_mysql_connector.MySQLInterfaceError: Data too long for column 'image' at row 1

The above exception was the direct cause of the following exception:

Traceback (most recent call last):
  File "/home/ollie/development/recipe-repository/scraper/service.py", line 128, in _scrape_template
    self._repository.save(recipe)
  File "/home/ollie/development/recipe-repository/scraper/repository.py", line 174, in save
    cursor.execute(sql, params)
  File "/home/ollie/development/recipe-repository/venv/lib/python3.12/site-packages/mysql/connector/cursor_cext.py", line 353, in execute
    self._connection.cmd_query(
  File "/home/ollie/development/recipe-repository/venv/lib/python3.12/site-packages/mysql/connector/opentelemetry/context_propagation.py", line 97, in wrapper
    return method(cnx, *args, **kwargs)
           ^^^^^^^^^^^^^^^^^^^^^^^^^^^^
  File "/home/ollie/development/recipe-repository/venv/lib/python3.12/site-packages/mysql/connector/connection_cext.py", line 781, in cmd_query
    raise get_mysql_exception(
mysql.connector.errors.DataError: 1406 (22001): Data too long for column 'image' at row 1
2025-10-25 18:32:18,139 [ERROR] scraper.service source=Austrian Food recipe=21 Home Improvement Concepts On Price Range - Failed to persist recipe https://austrianfood.net/21-home-improvement-concepts-on-price-range.html: 1406 (22001): Data too long for column 'image' at row 1
Traceback (most recent call last):
  File "/home/ollie/development/recipe-repository/venv/lib/python3.12/site-packages/mysql/connector/connection_cext.py", line 772, in cmd_query
    self._cmysql.query(
_mysql_connector.MySQLInterfaceError: Data too long for column 'image' at row 1

The above exception was the direct cause of the following exception:

Traceback (most recent call last):
  File "/home/ollie/development/recipe-repository/scraper/service.py", line 128, in _scrape_template
    self._repository.save(recipe)
  File "/home/ollie/development/recipe-repository/scraper/repository.py", line 174, in save
    cursor.execute(sql, params)
  File "/home/ollie/development/recipe-repository/venv/lib/python3.12/site-packages/mysql/connector/cursor_cext.py", line 353, in execute
    self._connection.cmd_query(
  File "/home/ollie/development/recipe-repository/venv/lib/python3.12/site-packages/mysql/connector/opentelemetry/context_propagation.py", line 97, in wrapper
    return method(cnx, *args, **kwargs)
           ^^^^^^^^^^^^^^^^^^^^^^^^^^^^
  File "/home/ollie/development/recipe-repository/venv/lib/python3.12/site-packages/mysql/connector/connection_cext.py", line 781, in cmd_query
    raise get_mysql_exception(
mysql.connector.errors.DataError: 1406 (22001): Data too long for column 'image' at row 1
2025-10-25 18:34:12,771 [WARNING] scraper.service source=Afghan Kitchen Recipes recipe=https://afghankitchenrecipes.com/ - Skipping failure 7 for unknown template Afghan Kitchen Recipes
2025-10-25 18:34:12,772 [WARNING] scraper.service source=Visit Andorra recipe=https://visitandorra.com/de/andorra-selected/ - Skipping failure 1 for unknown template Visit Andorra
2025-10-25 18:34:12,773 [WARNING] scraper.service source=Visit Andorra recipe=https://visitandorra.com/en//plan-your-trip - Skipping failure 2 for unknown template Visit Andorra
2025-10-25 18:34:12,774 [WARNING] scraper.service source=Visit Andorra recipe=https://visitandorra.com/en/andorra-selected/ - Skipping failure 11 for unknown template Visit Andorra
2025-10-25 18:34:12,774 [WARNING] scraper.service source=A Taste of Algeria recipe=https://atasteofalgeria.com/ - Skipping failure 8 for unknown template A Taste of Algeria
2025-10-25 18:34:12,775 [WARNING] scraper.service source=Taste Antigua Barbuda recipe=https://tasteantiguabarbuda.com/ - Skipping failure 13 for unknown template Taste Antigua Barbuda
2025-10-25 18:34:12,775 [WARNING] scraper.service source=Argentine Cuisine recipe=https://argentinecuisine.com/ - Skipping failure 14 for unknown template Argentine Cuisine
2025-10-25 18:34:12,776 [WARNING] scraper.service source=Taste.com.au recipe=https://www.taste.com.au/ - Skipping failure 15 for unknown template Taste.com.au
2025-10-25 18:34:12,777 [WARNING] scraper.service source=Austrian Food recipe=https://austrianfood.net/10-finest-home-improvement-and-repair-books-for-householders.html - Skipping failure 16 for unknown template Austrian Food
2025-10-25 18:34:12,778 [WARNING] scraper.service source=Austrian Food recipe=https://austrianfood.net/10-home-improvement-ideas-that-can-effectively-assist-you-to-promote-a-house-quickly.html - Skipping failure 17 for unknown template Austrian Food
2025-10-25 18:34:12,778 [WARNING] scraper.service source=Austrian Food recipe=https://austrianfood.net/10-home-improvement-suggestions-that-can-successfully-assist-you-to-sell-a-house-shortly.html - Skipping failure 18 for unknown template Austrian Food
2025-10-25 18:34:12,779 [WARNING] scraper.service source=Austrian Food recipe=https://austrianfood.net/11-tasty-food-and-cooking-shows-to-stream-now.html - Skipping failure 19 for unknown template Austrian Food
2025-10-25 18:34:12,781 [WARNING] scraper.service source=Austrian Food recipe=https://austrianfood.net/12-finest-home-improvement-projects-under-100.html - Skipping failure 20 for unknown template Austrian Food
2025-10-25 18:34:12,783 [WARNING] scraper.service source=Austrian Food recipe=https://austrianfood.net/12-greatest-home-improvement-tasks-beneath-100.html - Skipping failure 21 for unknown template Austrian Food
2025-10-25 18:34:12,784 [WARNING] scraper.service source=Austrian Food recipe=https://austrianfood.net/12-greatest-home-improvement-tasks-underneath-100.html - Skipping failure 22 for unknown template Austrian Food
2025-10-25 18:34:12,785 [WARNING] scraper.service source=Austrian Food recipe=https://austrianfood.net/21-home-improvement-concepts-on-price-range.html - Skipping failure 23 for unknown template Austrian Food
2025-10-25 18:34:23,579 [ERROR] scraper.service source=AZ Cookbook recipe=https://azcookbook.com/2008/03/18/easy-baklava/152-2/ - Failed to scrape https://azcookbook.com/2008/03/18/easy-baklava/152-2/: 429 Client Error: Too Many Requests for url: https://azcookbook.com/2008/03/18/easy-baklava/152-2/
Traceback (most recent call last):
  File "/home/ollie/development/recipe-repository/scraper/service.py", line 106, in _scrape_template
    recipe = self._article_scraper.scrape(template, url)
             ^^^^^^^^^^^^^^^^^^^^^^^^^^^^^^^^^^^^^^^^^^^
  File "/home/ollie/development/recipe-repository/scraper/extractors.py", line 299, in scrape
    response = self._http.get(url)
               ^^^^^^^^^^^^^^^^^^^
  File "/home/ollie/development/recipe-repository/scraper/http_client.py", line 59, in get
    response.raise_for_status()
  File "/home/ollie/development/recipe-repository/venv/lib/python3.12/site-packages/requests/models.py", line 1026, in raise_for_status
    raise HTTPError(http_error_msg, response=self)
requests.exceptions.HTTPError: 429 Client Error: Too Many Requests for url: https://azcookbook.com/2008/03/18/easy-baklava/152-2/
2025-10-25 18:34:23,774 [ERROR] scraper.service source=AZ Cookbook recipe=https://azcookbook.com/2008/03/18/easy-baklava/153-2/ - Failed to scrape https://azcookbook.com/2008/03/18/easy-baklava/153-2/: 429 Client Error: Too Many Requests for url: https://azcookbook.com/2008/03/18/easy-baklava/153-2/
Traceback (most recent call last):
  File "/home/ollie/development/recipe-repository/scraper/service.py", line 106, in _scrape_template
    recipe = self._article_scraper.scrape(template, url)
             ^^^^^^^^^^^^^^^^^^^^^^^^^^^^^^^^^^^^^^^^^^^
  File "/home/ollie/development/recipe-repository/scraper/extractors.py", line 299, in scrape
    response = self._http.get(url)
               ^^^^^^^^^^^^^^^^^^^
  File "/home/ollie/development/recipe-repository/scraper/http_client.py", line 59, in get
    response.raise_for_status()
  File "/home/ollie/development/recipe-repository/venv/lib/python3.12/site-packages/requests/models.py", line 1026, in raise_for_status
    raise HTTPError(http_error_msg, response=self)
requests.exceptions.HTTPError: 429 Client Error: Too Many Requests for url: https://azcookbook.com/2008/03/18/easy-baklava/153-2/
2025-10-25 18:34:23,939 [ERROR] scraper.service source=AZ Cookbook recipe=https://azcookbook.com/2008/03/18/easy-baklava/154-2/ - Failed to scrape https://azcookbook.com/2008/03/18/easy-baklava/154-2/: 429 Client Error: Too Many Requests for url: https://azcookbook.com/2008/03/18/easy-baklava/154-2/
Traceback (most recent call last):
  File "/home/ollie/development/recipe-repository/scraper/service.py", line 106, in _scrape_template
    recipe = self._article_scraper.scrape(template, url)
             ^^^^^^^^^^^^^^^^^^^^^^^^^^^^^^^^^^^^^^^^^^^
  File "/home/ollie/development/recipe-repository/scraper/extractors.py", line 299, in scrape
    response = self._http.get(url)
               ^^^^^^^^^^^^^^^^^^^
  File "/home/ollie/development/recipe-repository/scraper/http_client.py", line 59, in get
    response.raise_for_status()
  File "/home/ollie/development/recipe-repository/venv/lib/python3.12/site-packages/requests/models.py", line 1026, in raise_for_status
    raise HTTPError(http_error_msg, response=self)
requests.exceptions.HTTPError: 429 Client Error: Too Many Requests for url: https://azcookbook.com/2008/03/18/easy-baklava/154-2/
2025-10-25 18:34:24,602 [ERROR] scraper.service source=AZ Cookbook recipe=https://azcookbook.com/2008/03/18/easy-baklava/155-2/ - Failed to scrape https://azcookbook.com/2008/03/18/easy-baklava/155-2/: 429 Client Error: Too Many Requests for url: https://azcookbook.com/2008/03/18/easy-baklava/155-2/
Traceback (most recent call last):
  File "/home/ollie/development/recipe-repository/scraper/service.py", line 106, in _scrape_template
    recipe = self._article_scraper.scrape(template, url)
             ^^^^^^^^^^^^^^^^^^^^^^^^^^^^^^^^^^^^^^^^^^^
  File "/home/ollie/development/recipe-repository/scraper/extractors.py", line 299, in scrape
    response = self._http.get(url)
               ^^^^^^^^^^^^^^^^^^^
  File "/home/ollie/development/recipe-repository/scraper/http_client.py", line 59, in get
    response.raise_for_status()
  File "/home/ollie/development/recipe-repository/venv/lib/python3.12/site-packages/requests/models.py", line 1026, in raise_for_status
    raise HTTPError(http_error_msg, response=self)
requests.exceptions.HTTPError: 429 Client Error: Too Many Requests for url: https://azcookbook.com/2008/03/18/easy-baklava/155-2/
2025-10-25 18:34:25,116 [ERROR] scraper.service source=AZ Cookbook recipe=https://azcookbook.com/2008/03/18/easy-baklava/156-2/ - Failed to scrape https://azcookbook.com/2008/03/18/easy-baklava/156-2/: 429 Client Error: Too Many Requests for url: https://azcookbook.com/2008/03/18/easy-baklava/156-2/
Traceback (most recent call last):
  File "/home/ollie/development/recipe-repository/scraper/service.py", line 106, in _scrape_template
    recipe = self._article_scraper.scrape(template, url)
             ^^^^^^^^^^^^^^^^^^^^^^^^^^^^^^^^^^^^^^^^^^^
  File "/home/ollie/development/recipe-repository/scraper/extractors.py", line 299, in scrape
    response = self._http.get(url)
               ^^^^^^^^^^^^^^^^^^^
  File "/home/ollie/development/recipe-repository/scraper/http_client.py", line 59, in get
    response.raise_for_status()
  File "/home/ollie/development/recipe-repository/venv/lib/python3.12/site-packages/requests/models.py", line 1026, in raise_for_status
    raise HTTPError(http_error_msg, response=self)
requests.exceptions.HTTPError: 429 Client Error: Too Many Requests for url: https://azcookbook.com/2008/03/18/easy-baklava/156-2/
2025-10-25 18:34:26,669 [ERROR] scraper.service source=AZ Cookbook recipe=https://azcookbook.com/2008/03/18/easy-baklava/159-2/ - Failed to scrape https://azcookbook.com/2008/03/18/easy-baklava/159-2/: 429 Client Error: Too Many Requests for url: https://azcookbook.com/2008/03/18/easy-baklava/159-2/
Traceback (most recent call last):
  File "/home/ollie/development/recipe-repository/scraper/service.py", line 106, in _scrape_template
    recipe = self._article_scraper.scrape(template, url)
             ^^^^^^^^^^^^^^^^^^^^^^^^^^^^^^^^^^^^^^^^^^^
  File "/home/ollie/development/recipe-repository/scraper/extractors.py", line 299, in scrape
    response = self._http.get(url)
               ^^^^^^^^^^^^^^^^^^^
  File "/home/ollie/development/recipe-repository/scraper/http_client.py", line 59, in get
    response.raise_for_status()
  File "/home/ollie/development/recipe-repository/venv/lib/python3.12/site-packages/requests/models.py", line 1026, in raise_for_status
    raise HTTPError(http_error_msg, response=self)
requests.exceptions.HTTPError: 429 Client Error: Too Many Requests for url: https://azcookbook.com/2008/03/18/easy-baklava/159-2/
2025-10-25 18:34:28,095 [ERROR] scraper.service source=AZ Cookbook recipe=https://azcookbook.com/2008/03/18/easy-baklava/baked-baklava/ - Failed to scrape https://azcookbook.com/2008/03/18/easy-baklava/baked-baklava/: 429 Client Error: Too Many Requests for url: https://azcookbook.com/2008/03/18/easy-baklava/baked-baklava/
Traceback (most recent call last):
  File "/home/ollie/development/recipe-repository/scraper/service.py", line 106, in _scrape_template
    recipe = self._article_scraper.scrape(template, url)
             ^^^^^^^^^^^^^^^^^^^^^^^^^^^^^^^^^^^^^^^^^^^
  File "/home/ollie/development/recipe-repository/scraper/extractors.py", line 299, in scrape
    response = self._http.get(url)
               ^^^^^^^^^^^^^^^^^^^
  File "/home/ollie/development/recipe-repository/scraper/http_client.py", line 59, in get
    response.raise_for_status()
  File "/home/ollie/development/recipe-repository/venv/lib/python3.12/site-packages/requests/models.py", line 1026, in raise_for_status
    raise HTTPError(http_error_msg, response=self)
requests.exceptions.HTTPError: 429 Client Error: Too Many Requests for url: https://azcookbook.com/2008/03/18/easy-baklava/baked-baklava/
2025-10-25 18:34:28,829 [ERROR] scraper.service source=AZ Cookbook recipe=https://azcookbook.com/2008/03/18/easy-baklava/baklava-diamonds/ - Failed to scrape https://azcookbook.com/2008/03/18/easy-baklava/baklava-diamonds/: 429 Client Error: Too Many Requests for url: https://azcookbook.com/2008/03/18/easy-baklava/baklava-diamonds/
Traceback (most recent call last):
  File "/home/ollie/development/recipe-repository/scraper/service.py", line 106, in _scrape_template
    recipe = self._article_scraper.scrape(template, url)
             ^^^^^^^^^^^^^^^^^^^^^^^^^^^^^^^^^^^^^^^^^^^
  File "/home/ollie/development/recipe-repository/scraper/extractors.py", line 299, in scrape
    response = self._http.get(url)
               ^^^^^^^^^^^^^^^^^^^
  File "/home/ollie/development/recipe-repository/scraper/http_client.py", line 59, in get
    response.raise_for_status()
  File "/home/ollie/development/recipe-repository/venv/lib/python3.12/site-packages/requests/models.py", line 1026, in raise_for_status
    raise HTTPError(http_error_msg, response=self)
requests.exceptions.HTTPError: 429 Client Error: Too Many Requests for url: https://azcookbook.com/2008/03/18/easy-baklava/baklava-diamonds/
2025-10-25 18:34:29,238 [ERROR] scraper.service source=AZ Cookbook recipe=https://azcookbook.com/2008/03/18/easy-baklava/crumble/ - Failed to scrape https://azcookbook.com/2008/03/18/easy-baklava/crumble/: 429 Client Error: Too Many Requests for url: https://azcookbook.com/2008/03/18/easy-baklava/crumble/
Traceback (most recent call last):
  File "/home/ollie/development/recipe-repository/scraper/service.py", line 106, in _scrape_template
    recipe = self._article_scraper.scrape(template, url)
             ^^^^^^^^^^^^^^^^^^^^^^^^^^^^^^^^^^^^^^^^^^^
  File "/home/ollie/development/recipe-repository/scraper/extractors.py", line 299, in scrape
    response = self._http.get(url)
               ^^^^^^^^^^^^^^^^^^^
  File "/home/ollie/development/recipe-repository/scraper/http_client.py", line 59, in get
    response.raise_for_status()
  File "/home/ollie/development/recipe-repository/venv/lib/python3.12/site-packages/requests/models.py", line 1026, in raise_for_status
    raise HTTPError(http_error_msg, response=self)
requests.exceptions.HTTPError: 429 Client Error: Too Many Requests for url: https://azcookbook.com/2008/03/18/easy-baklava/crumble/
2025-10-25 18:34:29,742 [ERROR] scraper.service source=AZ Cookbook recipe=https://azcookbook.com/2008/03/18/easy-baklava/easy-baklava-2/ - Failed to scrape https://azcookbook.com/2008/03/18/easy-baklava/easy-baklava-2/: 429 Client Error: Too Many Requests for url: https://azcookbook.com/2008/03/18/easy-baklava/easy-baklava-2/
Traceback (most recent call last):
  File "/home/ollie/development/recipe-repository/scraper/service.py", line 106, in _scrape_template
    recipe = self._article_scraper.scrape(template, url)
             ^^^^^^^^^^^^^^^^^^^^^^^^^^^^^^^^^^^^^^^^^^^
  File "/home/ollie/development/recipe-repository/scraper/extractors.py", line 299, in scrape
    response = self._http.get(url)
               ^^^^^^^^^^^^^^^^^^^
  File "/home/ollie/development/recipe-repository/scraper/http_client.py", line 59, in get
    response.raise_for_status()
  File "/home/ollie/development/recipe-repository/venv/lib/python3.12/site-packages/requests/models.py", line 1026, in raise_for_status
    raise HTTPError(http_error_msg, response=self)
requests.exceptions.HTTPError: 429 Client Error: Too Many Requests for url: https://azcookbook.com/2008/03/18/easy-baklava/easy-baklava-2/
2025-10-25 18:34:29,980 [ERROR] scraper.service source=AZ Cookbook recipe=https://azcookbook.com/2008/03/18/easy-baklava/filling-2/ - Failed to scrape https://azcookbook.com/2008/03/18/easy-baklava/filling-2/: 429 Client Error: Too Many Requests for url: https://azcookbook.com/2008/03/18/easy-baklava/filling-2/
Traceback (most recent call last):
  File "/home/ollie/development/recipe-repository/scraper/service.py", line 106, in _scrape_template
    recipe = self._article_scraper.scrape(template, url)
             ^^^^^^^^^^^^^^^^^^^^^^^^^^^^^^^^^^^^^^^^^^^
  File "/home/ollie/development/recipe-repository/scraper/extractors.py", line 299, in scrape
    response = self._http.get(url)
               ^^^^^^^^^^^^^^^^^^^
  File "/home/ollie/development/recipe-repository/scraper/http_client.py", line 59, in get
    response.raise_for_status()
  File "/home/ollie/development/recipe-repository/venv/lib/python3.12/site-packages/requests/models.py", line 1026, in raise_for_status
    raise HTTPError(http_error_msg, response=self)
requests.exceptions.HTTPError: 429 Client Error: Too Many Requests for url: https://azcookbook.com/2008/03/18/easy-baklava/filling-2/
2025-10-25 18:34:30,147 [ERROR] scraper.service source=AZ Cookbook recipe=https://azcookbook.com/2008/03/18/easy-baklava/pastry-disk/ - Failed to scrape https://azcookbook.com/2008/03/18/easy-baklava/pastry-disk/: 429 Client Error: Too Many Requests for url: https://azcookbook.com/2008/03/18/easy-baklava/pastry-disk/
Traceback (most recent call last):
  File "/home/ollie/development/recipe-repository/scraper/service.py", line 106, in _scrape_template
    recipe = self._article_scraper.scrape(template, url)
             ^^^^^^^^^^^^^^^^^^^^^^^^^^^^^^^^^^^^^^^^^^^
  File "/home/ollie/development/recipe-repository/scraper/extractors.py", line 299, in scrape
    response = self._http.get(url)
               ^^^^^^^^^^^^^^^^^^^
  File "/home/ollie/development/recipe-repository/scraper/http_client.py", line 59, in get
    response.raise_for_status()
  File "/home/ollie/development/recipe-repository/venv/lib/python3.12/site-packages/requests/models.py", line 1026, in raise_for_status
    raise HTTPError(http_error_msg, response=self)
requests.exceptions.HTTPError: 429 Client Error: Too Many Requests for url: https://azcookbook.com/2008/03/18/easy-baklava/pastry-disk/
2025-10-25 18:34:30,349 [ERROR] scraper.service source=AZ Cookbook recipe=https://azcookbook.com/2008/03/18/easy-baklava/pastry-layers/ - Failed to scrape https://azcookbook.com/2008/03/18/easy-baklava/pastry-layers/: 429 Client Error: Too Many Requests for url: https://azcookbook.com/2008/03/18/easy-baklava/pastry-layers/
Traceback (most recent call last):
  File "/home/ollie/development/recipe-repository/scraper/service.py", line 106, in _scrape_template
    recipe = self._article_scraper.scrape(template, url)
             ^^^^^^^^^^^^^^^^^^^^^^^^^^^^^^^^^^^^^^^^^^^
  File "/home/ollie/development/recipe-repository/scraper/extractors.py", line 299, in scrape
    response = self._http.get(url)
               ^^^^^^^^^^^^^^^^^^^
  File "/home/ollie/development/recipe-repository/scraper/http_client.py", line 59, in get
    response.raise_for_status()
  File "/home/ollie/development/recipe-repository/venv/lib/python3.12/site-packages/requests/models.py", line 1026, in raise_for_status
    raise HTTPError(http_error_msg, response=self)
requests.exceptions.HTTPError: 429 Client Error: Too Many Requests for url: https://azcookbook.com/2008/03/18/easy-baklava/pastry-layers/
2025-10-25 18:34:30,569 [ERROR] scraper.service source=AZ Cookbook recipe=https://azcookbook.com/2008/03/18/easy-baklava/rolled-dough/ - Failed to scrape https://azcookbook.com/2008/03/18/easy-baklava/rolled-dough/: 429 Client Error: Too Many Requests for url: https://azcookbook.com/2008/03/18/easy-baklava/rolled-dough/
Traceback (most recent call last):
  File "/home/ollie/development/recipe-repository/scraper/service.py", line 106, in _scrape_template
    recipe = self._article_scraper.scrape(template, url)
             ^^^^^^^^^^^^^^^^^^^^^^^^^^^^^^^^^^^^^^^^^^^
  File "/home/ollie/development/recipe-repository/scraper/extractors.py", line 299, in scrape
    response = self._http.get(url)
               ^^^^^^^^^^^^^^^^^^^
  File "/home/ollie/development/recipe-repository/scraper/http_client.py", line 59, in get
    response.raise_for_status()
  File "/home/ollie/development/recipe-repository/venv/lib/python3.12/site-packages/requests/models.py", line 1026, in raise_for_status
    raise HTTPError(http_error_msg, response=self)
requests.exceptions.HTTPError: 429 Client Error: Too Many Requests for url: https://azcookbook.com/2008/03/18/easy-baklava/rolled-dough/
2025-10-25 18:34:30,719 [ERROR] scraper.service source=AZ Cookbook recipe=https://azcookbook.com/2008/03/25/spinach-salad-with-cheese/ - Failed to scrape https://azcookbook.com/2008/03/25/spinach-salad-with-cheese/: 429 Client Error: Too Many Requests for url: https://azcookbook.com/2008/03/25/spinach-salad-with-cheese/
Traceback (most recent call last):
  File "/home/ollie/development/recipe-repository/scraper/service.py", line 106, in _scrape_template
    recipe = self._article_scraper.scrape(template, url)
             ^^^^^^^^^^^^^^^^^^^^^^^^^^^^^^^^^^^^^^^^^^^
  File "/home/ollie/development/recipe-repository/scraper/extractors.py", line 299, in scrape
    response = self._http.get(url)
               ^^^^^^^^^^^^^^^^^^^
  File "/home/ollie/development/recipe-repository/scraper/http_client.py", line 59, in get
    response.raise_for_status()
  File "/home/ollie/development/recipe-repository/venv/lib/python3.12/site-packages/requests/models.py", line 1026, in raise_for_status
    raise HTTPError(http_error_msg, response=self)
requests.exceptions.HTTPError: 429 Client Error: Too Many Requests for url: https://azcookbook.com/2008/03/25/spinach-salad-with-cheese/
2025-10-25 18:34:30,933 [ERROR] scraper.service source=AZ Cookbook recipe=https://azcookbook.com/2008/03/25/spinach-salad-with-cheese/162-2/ - Failed to scrape https://azcookbook.com/2008/03/25/spinach-salad-with-cheese/162-2/: 429 Client Error: Too Many Requests for url: https://azcookbook.com/2008/03/25/spinach-salad-with-cheese/162-2/
Traceback (most recent call last):
  File "/home/ollie/development/recipe-repository/scraper/service.py", line 106, in _scrape_template
    recipe = self._article_scraper.scrape(template, url)
             ^^^^^^^^^^^^^^^^^^^^^^^^^^^^^^^^^^^^^^^^^^^
  File "/home/ollie/development/recipe-repository/scraper/extractors.py", line 299, in scrape
    response = self._http.get(url)
               ^^^^^^^^^^^^^^^^^^^
  File "/home/ollie/development/recipe-repository/scraper/http_client.py", line 59, in get
    response.raise_for_status()
  File "/home/ollie/development/recipe-repository/venv/lib/python3.12/site-packages/requests/models.py", line 1026, in raise_for_status
    raise HTTPError(http_error_msg, response=self)
requests.exceptions.HTTPError: 429 Client Error: Too Many Requests for url: https://azcookbook.com/2008/03/25/spinach-salad-with-cheese/162-2/
2025-10-25 18:34:31,205 [ERROR] scraper.service source=AZ Cookbook recipe=https://azcookbook.com/2008/03/25/spinach-salad-with-cheese/165-2/ - Failed to scrape https://azcookbook.com/2008/03/25/spinach-salad-with-cheese/165-2/: 429 Client Error: Too Many Requests for url: https://azcookbook.com/2008/03/25/spinach-salad-with-cheese/165-2/
Traceback (most recent call last):
  File "/home/ollie/development/recipe-repository/scraper/service.py", line 106, in _scrape_template
    recipe = self._article_scraper.scrape(template, url)
             ^^^^^^^^^^^^^^^^^^^^^^^^^^^^^^^^^^^^^^^^^^^
  File "/home/ollie/development/recipe-repository/scraper/extractors.py", line 299, in scrape
    response = self._http.get(url)
               ^^^^^^^^^^^^^^^^^^^
  File "/home/ollie/development/recipe-repository/scraper/http_client.py", line 59, in get
    response.raise_for_status()
  File "/home/ollie/development/recipe-repository/venv/lib/python3.12/site-packages/requests/models.py", line 1026, in raise_for_status
    raise HTTPError(http_error_msg, response=self)
requests.exceptions.HTTPError: 429 Client Error: Too Many Requests for url: https://azcookbook.com/2008/03/25/spinach-salad-with-cheese/165-2/
2025-10-25 18:34:31,367 [ERROR] scraper.service source=AZ Cookbook recipe=https://azcookbook.com/2008/03/25/spinach-salad-with-cheese/166-2/ - Failed to scrape https://azcookbook.com/2008/03/25/spinach-salad-with-cheese/166-2/: 429 Client Error: Too Many Requests for url: https://azcookbook.com/2008/03/25/spinach-salad-with-cheese/166-2/
Traceback (most recent call last):
  File "/home/ollie/development/recipe-repository/scraper/service.py", line 106, in _scrape_template
    recipe = self._article_scraper.scrape(template, url)
             ^^^^^^^^^^^^^^^^^^^^^^^^^^^^^^^^^^^^^^^^^^^
  File "/home/ollie/development/recipe-repository/scraper/extractors.py", line 299, in scrape
    response = self._http.get(url)
               ^^^^^^^^^^^^^^^^^^^
  File "/home/ollie/development/recipe-repository/scraper/http_client.py", line 59, in get
    response.raise_for_status()
  File "/home/ollie/development/recipe-repository/venv/lib/python3.12/site-packages/requests/models.py", line 1026, in raise_for_status
    raise HTTPError(http_error_msg, response=self)
requests.exceptions.HTTPError: 429 Client Error: Too Many Requests for url: https://azcookbook.com/2008/03/25/spinach-salad-with-cheese/166-2/
2025-10-25 18:34:31,580 [ERROR] scraper.service source=AZ Cookbook recipe=https://azcookbook.com/2008/03/25/spinach-salad-with-cheese/spinach-salad-with-walnuts/ - Failed to scrape https://azcookbook.com/2008/03/25/spinach-salad-with-cheese/spinach-salad-with-walnuts/: 429 Client Error: Too Many Requests for url: https://azcookbook.com/2008/03/25/spinach-salad-with-cheese/spinach-salad-with-walnuts/
Traceback (most recent call last):
  File "/home/ollie/development/recipe-repository/scraper/service.py", line 106, in _scrape_template
    recipe = self._article_scraper.scrape(template, url)
             ^^^^^^^^^^^^^^^^^^^^^^^^^^^^^^^^^^^^^^^^^^^
  File "/home/ollie/development/recipe-repository/scraper/extractors.py", line 299, in scrape
    response = self._http.get(url)
               ^^^^^^^^^^^^^^^^^^^
  File "/home/ollie/development/recipe-repository/scraper/http_client.py", line 59, in get
    response.raise_for_status()
  File "/home/ollie/development/recipe-repository/venv/lib/python3.12/site-packages/requests/models.py", line 1026, in raise_for_status
    raise HTTPError(http_error_msg, response=self)
requests.exceptions.HTTPError: 429 Client Error: Too Many Requests for url: https://azcookbook.com/2008/03/25/spinach-salad-with-cheese/spinach-salad-with-walnuts/
2025-10-25 18:34:31,808 [ERROR] scraper.service source=AZ Cookbook recipe=https://azcookbook.com/2008/04/01/pirojki-piroshki-with-potato-or-meat/ - Failed to scrape https://azcookbook.com/2008/04/01/pirojki-piroshki-with-potato-or-meat/: 429 Client Error: Too Many Requests for url: https://azcookbook.com/2008/04/01/pirojki-piroshki-with-potato-or-meat/
Traceback (most recent call last):
  File "/home/ollie/development/recipe-repository/scraper/service.py", line 106, in _scrape_template
    recipe = self._article_scraper.scrape(template, url)
             ^^^^^^^^^^^^^^^^^^^^^^^^^^^^^^^^^^^^^^^^^^^
  File "/home/ollie/development/recipe-repository/scraper/extractors.py", line 299, in scrape
    response = self._http.get(url)
               ^^^^^^^^^^^^^^^^^^^
  File "/home/ollie/development/recipe-repository/scraper/http_client.py", line 59, in get
    response.raise_for_status()
  File "/home/ollie/development/recipe-repository/venv/lib/python3.12/site-packages/requests/models.py", line 1026, in raise_for_status
    raise HTTPError(http_error_msg, response=self)
requests.exceptions.HTTPError: 429 Client Error: Too Many Requests for url: https://azcookbook.com/2008/04/01/pirojki-piroshki-with-potato-or-meat/
2025-10-25 18:34:31,987 [ERROR] scraper.service source=AZ Cookbook recipe=https://azcookbook.com/2008/04/01/pirojki-piroshki-with-potato-or-meat/175-2/ - Failed to scrape https://azcookbook.com/2008/04/01/pirojki-piroshki-with-potato-or-meat/175-2/: 429 Client Error: Too Many Requests for url: https://azcookbook.com/2008/04/01/pirojki-piroshki-with-potato-or-meat/175-2/
Traceback (most recent call last):
  File "/home/ollie/development/recipe-repository/scraper/service.py", line 106, in _scrape_template
    recipe = self._article_scraper.scrape(template, url)
             ^^^^^^^^^^^^^^^^^^^^^^^^^^^^^^^^^^^^^^^^^^^
  File "/home/ollie/development/recipe-repository/scraper/extractors.py", line 299, in scrape
    response = self._http.get(url)
               ^^^^^^^^^^^^^^^^^^^
  File "/home/ollie/development/recipe-repository/scraper/http_client.py", line 59, in get
    response.raise_for_status()
  File "/home/ollie/development/recipe-repository/venv/lib/python3.12/site-packages/requests/models.py", line 1026, in raise_for_status
    raise HTTPError(http_error_msg, response=self)
requests.exceptions.HTTPError: 429 Client Error: Too Many Requests for url: https://azcookbook.com/2008/04/01/pirojki-piroshki-with-potato-or-meat/175-2/
2025-10-25 18:34:32,222 [ERROR] scraper.service source=AZ Cookbook recipe=https://azcookbook.com/2008/04/01/pirojki-piroshki-with-potato-or-meat/176-2/ - Failed to scrape https://azcookbook.com/2008/04/01/pirojki-piroshki-with-potato-or-meat/176-2/: 429 Client Error: Too Many Requests for url: https://azcookbook.com/2008/04/01/pirojki-piroshki-with-potato-or-meat/176-2/
Traceback (most recent call last):
  File "/home/ollie/development/recipe-repository/scraper/service.py", line 106, in _scrape_template
    recipe = self._article_scraper.scrape(template, url)
             ^^^^^^^^^^^^^^^^^^^^^^^^^^^^^^^^^^^^^^^^^^^
  File "/home/ollie/development/recipe-repository/scraper/extractors.py", line 299, in scrape
    response = self._http.get(url)
               ^^^^^^^^^^^^^^^^^^^
  File "/home/ollie/development/recipe-repository/scraper/http_client.py", line 59, in get
    response.raise_for_status()
  File "/home/ollie/development/recipe-repository/venv/lib/python3.12/site-packages/requests/models.py", line 1026, in raise_for_status
    raise HTTPError(http_error_msg, response=self)
requests.exceptions.HTTPError: 429 Client Error: Too Many Requests for url: https://azcookbook.com/2008/04/01/pirojki-piroshki-with-potato-or-meat/176-2/
2025-10-25 18:34:32,419 [ERROR] scraper.service source=AZ Cookbook recipe=https://azcookbook.com/2008/04/01/pirojki-piroshki-with-potato-or-meat/177-2/ - Failed to scrape https://azcookbook.com/2008/04/01/pirojki-piroshki-with-potato-or-meat/177-2/: 429 Client Error: Too Many Requests for url: https://azcookbook.com/2008/04/01/pirojki-piroshki-with-potato-or-meat/177-2/
Traceback (most recent call last):
  File "/home/ollie/development/recipe-repository/scraper/service.py", line 106, in _scrape_template
    recipe = self._article_scraper.scrape(template, url)
             ^^^^^^^^^^^^^^^^^^^^^^^^^^^^^^^^^^^^^^^^^^^
  File "/home/ollie/development/recipe-repository/scraper/extractors.py", line 299, in scrape
    response = self._http.get(url)
               ^^^^^^^^^^^^^^^^^^^
  File "/home/ollie/development/recipe-repository/scraper/http_client.py", line 59, in get
    response.raise_for_status()
  File "/home/ollie/development/recipe-repository/venv/lib/python3.12/site-packages/requests/models.py", line 1026, in raise_for_status
    raise HTTPError(http_error_msg, response=self)
requests.exceptions.HTTPError: 429 Client Error: Too Many Requests for url: https://azcookbook.com/2008/04/01/pirojki-piroshki-with-potato-or-meat/177-2/
2025-10-25 18:34:32,686 [ERROR] scraper.service source=AZ Cookbook recipe=https://azcookbook.com/2008/04/01/pirojki-piroshki-with-potato-or-meat/178-2/ - Failed to scrape https://azcookbook.com/2008/04/01/pirojki-piroshki-with-potato-or-meat/178-2/: 429 Client Error: Too Many Requests for url: https://azcookbook.com/2008/04/01/pirojki-piroshki-with-potato-or-meat/178-2/
Traceback (most recent call last):
  File "/home/ollie/development/recipe-repository/scraper/service.py", line 106, in _scrape_template
    recipe = self._article_scraper.scrape(template, url)
             ^^^^^^^^^^^^^^^^^^^^^^^^^^^^^^^^^^^^^^^^^^^
  File "/home/ollie/development/recipe-repository/scraper/extractors.py", line 299, in scrape
    response = self._http.get(url)
               ^^^^^^^^^^^^^^^^^^^
  File "/home/ollie/development/recipe-repository/scraper/http_client.py", line 59, in get
    response.raise_for_status()
  File "/home/ollie/development/recipe-repository/venv/lib/python3.12/site-packages/requests/models.py", line 1026, in raise_for_status
    raise HTTPError(http_error_msg, response=self)
requests.exceptions.HTTPError: 429 Client Error: Too Many Requests for url: https://azcookbook.com/2008/04/01/pirojki-piroshki-with-potato-or-meat/178-2/
2025-10-25 18:34:32,836 [ERROR] scraper.service source=AZ Cookbook recipe=https://azcookbook.com/2008/04/01/pirojki-piroshki-with-potato-or-meat/179-2/ - Failed to scrape https://azcookbook.com/2008/04/01/pirojki-piroshki-with-potato-or-meat/179-2/: 429 Client Error: Too Many Requests for url: https://azcookbook.com/2008/04/01/pirojki-piroshki-with-potato-or-meat/179-2/
Traceback (most recent call last):
  File "/home/ollie/development/recipe-repository/scraper/service.py", line 106, in _scrape_template
    recipe = self._article_scraper.scrape(template, url)
             ^^^^^^^^^^^^^^^^^^^^^^^^^^^^^^^^^^^^^^^^^^^
  File "/home/ollie/development/recipe-repository/scraper/extractors.py", line 299, in scrape
    response = self._http.get(url)
               ^^^^^^^^^^^^^^^^^^^
  File "/home/ollie/development/recipe-repository/scraper/http_client.py", line 59, in get
    response.raise_for_status()
  File "/home/ollie/development/recipe-repository/venv/lib/python3.12/site-packages/requests/models.py", line 1026, in raise_for_status
    raise HTTPError(http_error_msg, response=self)
requests.exceptions.HTTPError: 429 Client Error: Too Many Requests for url: https://azcookbook.com/2008/04/01/pirojki-piroshki-with-potato-or-meat/179-2/
2025-10-25 18:34:33,100 [ERROR] scraper.service source=AZ Cookbook recipe=https://azcookbook.com/2008/04/01/pirojki-piroshki-with-potato-or-meat/180-2/ - Failed to scrape https://azcookbook.com/2008/04/01/pirojki-piroshki-with-potato-or-meat/180-2/: 429 Client Error: Too Many Requests for url: https://azcookbook.com/2008/04/01/pirojki-piroshki-with-potato-or-meat/180-2/
Traceback (most recent call last):
  File "/home/ollie/development/recipe-repository/scraper/service.py", line 106, in _scrape_template
    recipe = self._article_scraper.scrape(template, url)
             ^^^^^^^^^^^^^^^^^^^^^^^^^^^^^^^^^^^^^^^^^^^
  File "/home/ollie/development/recipe-repository/scraper/extractors.py", line 299, in scrape
    response = self._http.get(url)
               ^^^^^^^^^^^^^^^^^^^
  File "/home/ollie/development/recipe-repository/scraper/http_client.py", line 59, in get
    response.raise_for_status()
  File "/home/ollie/development/recipe-repository/venv/lib/python3.12/site-packages/requests/models.py", line 1026, in raise_for_status
    raise HTTPError(http_error_msg, response=self)
requests.exceptions.HTTPError: 429 Client Error: Too Many Requests for url: https://azcookbook.com/2008/04/01/pirojki-piroshki-with-potato-or-meat/180-2/
2025-10-25 18:34:33,274 [ERROR] scraper.service source=AZ Cookbook recipe=https://azcookbook.com/2008/04/01/pirojki-piroshki-with-potato-or-meat/181-2/ - Failed to scrape https://azcookbook.com/2008/04/01/pirojki-piroshki-with-potato-or-meat/181-2/: 429 Client Error: Too Many Requests for url: https://azcookbook.com/2008/04/01/pirojki-piroshki-with-potato-or-meat/181-2/
Traceback (most recent call last):
  File "/home/ollie/development/recipe-repository/scraper/service.py", line 106, in _scrape_template
    recipe = self._article_scraper.scrape(template, url)
             ^^^^^^^^^^^^^^^^^^^^^^^^^^^^^^^^^^^^^^^^^^^
  File "/home/ollie/development/recipe-repository/scraper/extractors.py", line 299, in scrape
    response = self._http.get(url)
               ^^^^^^^^^^^^^^^^^^^
  File "/home/ollie/development/recipe-repository/scraper/http_client.py", line 59, in get
    response.raise_for_status()
  File "/home/ollie/development/recipe-repository/venv/lib/python3.12/site-packages/requests/models.py", line 1026, in raise_for_status
    raise HTTPError(http_error_msg, response=self)
requests.exceptions.HTTPError: 429 Client Error: Too Many Requests for url: https://azcookbook.com/2008/04/01/pirojki-piroshki-with-potato-or-meat/181-2/
2025-10-25 18:34:33,505 [ERROR] scraper.service source=AZ Cookbook recipe=https://azcookbook.com/2008/04/01/pirojki-piroshki-with-potato-or-meat/182-2/ - Failed to scrape https://azcookbook.com/2008/04/01/pirojki-piroshki-with-potato-or-meat/182-2/: 429 Client Error: Too Many Requests for url: https://azcookbook.com/2008/04/01/pirojki-piroshki-with-potato-or-meat/182-2/
Traceback (most recent call last):
  File "/home/ollie/development/recipe-repository/scraper/service.py", line 106, in _scrape_template
    recipe = self._article_scraper.scrape(template, url)
             ^^^^^^^^^^^^^^^^^^^^^^^^^^^^^^^^^^^^^^^^^^^
  File "/home/ollie/development/recipe-repository/scraper/extractors.py", line 299, in scrape
    response = self._http.get(url)
               ^^^^^^^^^^^^^^^^^^^
  File "/home/ollie/development/recipe-repository/scraper/http_client.py", line 59, in get
    response.raise_for_status()
  File "/home/ollie/development/recipe-repository/venv/lib/python3.12/site-packages/requests/models.py", line 1026, in raise_for_status
    raise HTTPError(http_error_msg, response=self)
requests.exceptions.HTTPError: 429 Client Error: Too Many Requests for url: https://azcookbook.com/2008/04/01/pirojki-piroshki-with-potato-or-meat/182-2/
2025-10-25 18:34:33,722 [ERROR] scraper.service source=AZ Cookbook recipe=https://azcookbook.com/2008/04/01/pirojki-piroshki-with-potato-or-meat/183-2/ - Failed to scrape https://azcookbook.com/2008/04/01/pirojki-piroshki-with-potato-or-meat/183-2/: 429 Client Error: Too Many Requests for url: https://azcookbook.com/2008/04/01/pirojki-piroshki-with-potato-or-meat/183-2/
Traceback (most recent call last):
  File "/home/ollie/development/recipe-repository/scraper/service.py", line 106, in _scrape_template
    recipe = self._article_scraper.scrape(template, url)
             ^^^^^^^^^^^^^^^^^^^^^^^^^^^^^^^^^^^^^^^^^^^
  File "/home/ollie/development/recipe-repository/scraper/extractors.py", line 299, in scrape
    response = self._http.get(url)
               ^^^^^^^^^^^^^^^^^^^
  File "/home/ollie/development/recipe-repository/scraper/http_client.py", line 59, in get
    response.raise_for_status()
  File "/home/ollie/development/recipe-repository/venv/lib/python3.12/site-packages/requests/models.py", line 1026, in raise_for_status
    raise HTTPError(http_error_msg, response=self)
requests.exceptions.HTTPError: 429 Client Error: Too Many Requests for url: https://azcookbook.com/2008/04/01/pirojki-piroshki-with-potato-or-meat/183-2/
2025-10-25 18:34:33,985 [ERROR] scraper.service source=AZ Cookbook recipe=https://azcookbook.com/2008/04/01/pirojki-piroshki-with-potato-or-meat/184-2/ - Failed to scrape https://azcookbook.com/2008/04/01/pirojki-piroshki-with-potato-or-meat/184-2/: 429 Client Error: Too Many Requests for url: https://azcookbook.com/2008/04/01/pirojki-piroshki-with-potato-or-meat/184-2/
Traceback (most recent call last):
  File "/home/ollie/development/recipe-repository/scraper/service.py", line 106, in _scrape_template
    recipe = self._article_scraper.scrape(template, url)
             ^^^^^^^^^^^^^^^^^^^^^^^^^^^^^^^^^^^^^^^^^^^
  File "/home/ollie/development/recipe-repository/scraper/extractors.py", line 299, in scrape
    response = self._http.get(url)
               ^^^^^^^^^^^^^^^^^^^
  File "/home/ollie/development/recipe-repository/scraper/http_client.py", line 59, in get
    response.raise_for_status()
  File "/home/ollie/development/recipe-repository/venv/lib/python3.12/site-packages/requests/models.py", line 1026, in raise_for_status
    raise HTTPError(http_error_msg, response=self)
requests.exceptions.HTTPError: 429 Client Error: Too Many Requests for url: https://azcookbook.com/2008/04/01/pirojki-piroshki-with-potato-or-meat/184-2/
2025-10-25 18:34:34,190 [ERROR] scraper.service source=AZ Cookbook recipe=https://azcookbook.com/2008/04/01/pirojki-piroshki-with-potato-or-meat/dough-ball/ - Failed to scrape https://azcookbook.com/2008/04/01/pirojki-piroshki-with-potato-or-meat/dough-ball/: 429 Client Error: Too Many Requests for url: https://azcookbook.com/2008/04/01/pirojki-piroshki-with-potato-or-meat/dough-ball/
Traceback (most recent call last):
  File "/home/ollie/development/recipe-repository/scraper/service.py", line 106, in _scrape_template
    recipe = self._article_scraper.scrape(template, url)
             ^^^^^^^^^^^^^^^^^^^^^^^^^^^^^^^^^^^^^^^^^^^
  File "/home/ollie/development/recipe-repository/scraper/extractors.py", line 299, in scrape
    response = self._http.get(url)
               ^^^^^^^^^^^^^^^^^^^
  File "/home/ollie/development/recipe-repository/scraper/http_client.py", line 59, in get
    response.raise_for_status()
  File "/home/ollie/development/recipe-repository/venv/lib/python3.12/site-packages/requests/models.py", line 1026, in raise_for_status
    raise HTTPError(http_error_msg, response=self)
requests.exceptions.HTTPError: 429 Client Error: Too Many Requests for url: https://azcookbook.com/2008/04/01/pirojki-piroshki-with-potato-or-meat/dough-ball/
2025-10-25 18:34:34,477 [ERROR] scraper.service source=AZ Cookbook recipe=https://azcookbook.com/2008/04/01/pirojki-piroshki-with-potato-or-meat/filling1/ - Failed to scrape https://azcookbook.com/2008/04/01/pirojki-piroshki-with-potato-or-meat/filling1/: 429 Client Error: Too Many Requests for url: https://azcookbook.com/2008/04/01/pirojki-piroshki-with-potato-or-meat/filling1/
Traceback (most recent call last):
  File "/home/ollie/development/recipe-repository/scraper/service.py", line 106, in _scrape_template
    recipe = self._article_scraper.scrape(template, url)
             ^^^^^^^^^^^^^^^^^^^^^^^^^^^^^^^^^^^^^^^^^^^
  File "/home/ollie/development/recipe-repository/scraper/extractors.py", line 299, in scrape
    response = self._http.get(url)
               ^^^^^^^^^^^^^^^^^^^
  File "/home/ollie/development/recipe-repository/scraper/http_client.py", line 59, in get
    response.raise_for_status()
  File "/home/ollie/development/recipe-repository/venv/lib/python3.12/site-packages/requests/models.py", line 1026, in raise_for_status
    raise HTTPError(http_error_msg, response=self)
requests.exceptions.HTTPError: 429 Client Error: Too Many Requests for url: https://azcookbook.com/2008/04/01/pirojki-piroshki-with-potato-or-meat/filling1/
2025-10-25 18:34:34,670 [ERROR] scraper.service source=AZ Cookbook recipe=https://azcookbook.com/2008/04/01/pirojki-piroshki-with-potato-or-meat/glazing/ - Failed to scrape https://azcookbook.com/2008/04/01/pirojki-piroshki-with-potato-or-meat/glazing/: 429 Client Error: Too Many Requests for url: https://azcookbook.com/2008/04/01/pirojki-piroshki-with-potato-or-meat/glazing/
Traceback (most recent call last):
  File "/home/ollie/development/recipe-repository/scraper/service.py", line 106, in _scrape_template
    recipe = self._article_scraper.scrape(template, url)
             ^^^^^^^^^^^^^^^^^^^^^^^^^^^^^^^^^^^^^^^^^^^
  File "/home/ollie/development/recipe-repository/scraper/extractors.py", line 299, in scrape
    response = self._http.get(url)
               ^^^^^^^^^^^^^^^^^^^
  File "/home/ollie/development/recipe-repository/scraper/http_client.py", line 59, in get
    response.raise_for_status()
  File "/home/ollie/development/recipe-repository/venv/lib/python3.12/site-packages/requests/models.py", line 1026, in raise_for_status
    raise HTTPError(http_error_msg, response=self)
requests.exceptions.HTTPError: 429 Client Error: Too Many Requests for url: https://azcookbook.com/2008/04/01/pirojki-piroshki-with-potato-or-meat/glazing/
2025-10-25 18:34:34,946 [ERROR] scraper.service source=AZ Cookbook recipe=https://azcookbook.com/2008/04/01/pirojki-piroshki-with-potato-or-meat/pirojki-potato/ - Failed to scrape https://azcookbook.com/2008/04/01/pirojki-piroshki-with-potato-or-meat/pirojki-potato/: 429 Client Error: Too Many Requests for url: https://azcookbook.com/2008/04/01/pirojki-piroshki-with-potato-or-meat/pirojki-potato/
Traceback (most recent call last):
  File "/home/ollie/development/recipe-repository/scraper/service.py", line 106, in _scrape_template
    recipe = self._article_scraper.scrape(template, url)
             ^^^^^^^^^^^^^^^^^^^^^^^^^^^^^^^^^^^^^^^^^^^
  File "/home/ollie/development/recipe-repository/scraper/extractors.py", line 299, in scrape
    response = self._http.get(url)
               ^^^^^^^^^^^^^^^^^^^
  File "/home/ollie/development/recipe-repository/scraper/http_client.py", line 59, in get
    response.raise_for_status()
  File "/home/ollie/development/recipe-repository/venv/lib/python3.12/site-packages/requests/models.py", line 1026, in raise_for_status
    raise HTTPError(http_error_msg, response=self)
requests.exceptions.HTTPError: 429 Client Error: Too Many Requests for url: https://azcookbook.com/2008/04/01/pirojki-piroshki-with-potato-or-meat/pirojki-potato/
2025-10-25 18:34:35,208 [ERROR] scraper.service source=AZ Cookbook recipe=https://azcookbook.com/2008/04/01/pirojki-piroshki-with-potato-or-meat/potato-filling/ - Failed to scrape https://azcookbook.com/2008/04/01/pirojki-piroshki-with-potato-or-meat/potato-filling/: 429 Client Error: Too Many Requests for url: https://azcookbook.com/2008/04/01/pirojki-piroshki-with-potato-or-meat/potato-filling/
Traceback (most recent call last):
  File "/home/ollie/development/recipe-repository/scraper/service.py", line 106, in _scrape_template
    recipe = self._article_scraper.scrape(template, url)
             ^^^^^^^^^^^^^^^^^^^^^^^^^^^^^^^^^^^^^^^^^^^
  File "/home/ollie/development/recipe-repository/scraper/extractors.py", line 299, in scrape
    response = self._http.get(url)
               ^^^^^^^^^^^^^^^^^^^
  File "/home/ollie/development/recipe-repository/scraper/http_client.py", line 59, in get
    response.raise_for_status()
  File "/home/ollie/development/recipe-repository/venv/lib/python3.12/site-packages/requests/models.py", line 1026, in raise_for_status
    raise HTTPError(http_error_msg, response=self)
requests.exceptions.HTTPError: 429 Client Error: Too Many Requests for url: https://azcookbook.com/2008/04/01/pirojki-piroshki-with-potato-or-meat/potato-filling/
2025-10-25 18:34:35,448 [ERROR] scraper.service source=AZ Cookbook recipe=https://azcookbook.com/2008/04/01/pirojki-piroshki-with-potato-or-meat/potato-pirojki/ - Failed to scrape https://azcookbook.com/2008/04/01/pirojki-piroshki-with-potato-or-meat/potato-pirojki/: 429 Client Error: Too Many Requests for url: https://azcookbook.com/2008/04/01/pirojki-piroshki-with-potato-or-meat/potato-pirojki/
Traceback (most recent call last):
  File "/home/ollie/development/recipe-repository/scraper/service.py", line 106, in _scrape_template
    recipe = self._article_scraper.scrape(template, url)
             ^^^^^^^^^^^^^^^^^^^^^^^^^^^^^^^^^^^^^^^^^^^
  File "/home/ollie/development/recipe-repository/scraper/extractors.py", line 299, in scrape
    response = self._http.get(url)
               ^^^^^^^^^^^^^^^^^^^
  File "/home/ollie/development/recipe-repository/scraper/http_client.py", line 59, in get
    response.raise_for_status()
  File "/home/ollie/development/recipe-repository/venv/lib/python3.12/site-packages/requests/models.py", line 1026, in raise_for_status
    raise HTTPError(http_error_msg, response=self)
requests.exceptions.HTTPError: 429 Client Error: Too Many Requests for url: https://azcookbook.com/2008/04/01/pirojki-piroshki-with-potato-or-meat/potato-pirojki/
2025-10-25 20:58:37,417 [WARNING] scraper.service source=Afghan Kitchen Recipes recipe=https://afghankitchenrecipes.com/ - Skipping failure 7 for unknown template Afghan Kitchen Recipes
2025-10-25 20:58:37,417 [WARNING] scraper.service source=Visit Andorra recipe=https://visitandorra.com/de/andorra-selected/ - Skipping failure 1 for unknown template Visit Andorra
2025-10-25 20:58:37,418 [WARNING] scraper.service source=Visit Andorra recipe=https://visitandorra.com/en//plan-your-trip - Skipping failure 2 for unknown template Visit Andorra
2025-10-25 20:58:37,418 [WARNING] scraper.service source=Visit Andorra recipe=https://visitandorra.com/en/andorra-selected/ - Skipping failure 11 for unknown template Visit Andorra
2025-10-25 20:58:37,419 [WARNING] scraper.service source=A Taste of Algeria recipe=https://atasteofalgeria.com/ - Skipping failure 8 for unknown template A Taste of Algeria
2025-10-25 20:58:37,421 [WARNING] scraper.service source=Taste Antigua Barbuda recipe=https://tasteantiguabarbuda.com/ - Skipping failure 13 for unknown template Taste Antigua Barbuda
2025-10-25 20:58:37,421 [WARNING] scraper.service source=Argentine Cuisine recipe=https://argentinecuisine.com/ - Skipping failure 14 for unknown template Argentine Cuisine
2025-10-25 20:58:37,421 [WARNING] scraper.service source=Taste.com.au recipe=https://www.taste.com.au/ - Skipping failure 15 for unknown template Taste.com.au
2025-10-25 20:58:37,421 [WARNING] scraper.service source=Austrian Food recipe=https://austrianfood.net/10-finest-home-improvement-and-repair-books-for-householders.html - Skipping failure 16 for unknown template Austrian Food
2025-10-25 20:58:37,421 [WARNING] scraper.service source=Austrian Food recipe=https://austrianfood.net/10-home-improvement-ideas-that-can-effectively-assist-you-to-promote-a-house-quickly.html - Skipping failure 17 for unknown template Austrian Food
2025-10-25 20:58:37,422 [WARNING] scraper.service source=Austrian Food recipe=https://austrianfood.net/10-home-improvement-suggestions-that-can-successfully-assist-you-to-sell-a-house-shortly.html - Skipping failure 18 for unknown template Austrian Food
2025-10-25 20:58:37,422 [WARNING] scraper.service source=Austrian Food recipe=https://austrianfood.net/11-tasty-food-and-cooking-shows-to-stream-now.html - Skipping failure 19 for unknown template Austrian Food
2025-10-25 20:58:37,422 [WARNING] scraper.service source=Austrian Food recipe=https://austrianfood.net/12-finest-home-improvement-projects-under-100.html - Skipping failure 20 for unknown template Austrian Food
2025-10-25 20:58:37,422 [WARNING] scraper.service source=Austrian Food recipe=https://austrianfood.net/12-greatest-home-improvement-tasks-beneath-100.html - Skipping failure 21 for unknown template Austrian Food
2025-10-25 20:58:37,422 [WARNING] scraper.service source=Austrian Food recipe=https://austrianfood.net/12-greatest-home-improvement-tasks-underneath-100.html - Skipping failure 22 for unknown template Austrian Food
2025-10-25 20:58:37,422 [WARNING] scraper.service source=Austrian Food recipe=https://austrianfood.net/21-home-improvement-concepts-on-price-range.html - Skipping failure 23 for unknown template Austrian Food
2025-10-25 20:58:37,422 [WARNING] scraper.service source=AZ Cookbook recipe=https://azcookbook.com/2008/03/18/easy-baklava/152-2/ - Skipping failure 24 for unknown template AZ Cookbook
2025-10-25 20:58:37,423 [WARNING] scraper.service source=AZ Cookbook recipe=https://azcookbook.com/2008/03/18/easy-baklava/153-2/ - Skipping failure 25 for unknown template AZ Cookbook
2025-10-25 20:58:37,423 [WARNING] scraper.service source=AZ Cookbook recipe=https://azcookbook.com/2008/03/18/easy-baklava/154-2/ - Skipping failure 26 for unknown template AZ Cookbook
2025-10-25 20:58:37,423 [WARNING] scraper.service source=AZ Cookbook recipe=https://azcookbook.com/2008/03/18/easy-baklava/155-2/ - Skipping failure 27 for unknown template AZ Cookbook
2025-10-25 20:58:37,424 [WARNING] scraper.service source=AZ Cookbook recipe=https://azcookbook.com/2008/03/18/easy-baklava/156-2/ - Skipping failure 28 for unknown template AZ Cookbook
2025-10-25 20:58:37,424 [WARNING] scraper.service source=AZ Cookbook recipe=https://azcookbook.com/2008/03/18/easy-baklava/159-2/ - Skipping failure 29 for unknown template AZ Cookbook
2025-10-25 20:58:37,425 [WARNING] scraper.service source=AZ Cookbook recipe=https://azcookbook.com/2008/03/18/easy-baklava/baked-baklava/ - Skipping failure 30 for unknown template AZ Cookbook
2025-10-25 20:58:37,425 [WARNING] scraper.service source=AZ Cookbook recipe=https://azcookbook.com/2008/03/18/easy-baklava/baklava-diamonds/ - Skipping failure 31 for unknown template AZ Cookbook
2025-10-25 20:58:37,425 [WARNING] scraper.service source=AZ Cookbook recipe=https://azcookbook.com/2008/03/18/easy-baklava/crumble/ - Skipping failure 32 for unknown template AZ Cookbook
2025-10-25 20:58:37,426 [WARNING] scraper.service source=AZ Cookbook recipe=https://azcookbook.com/2008/03/18/easy-baklava/easy-baklava-2/ - Skipping failure 33 for unknown template AZ Cookbook
2025-10-25 20:58:37,427 [WARNING] scraper.service source=AZ Cookbook recipe=https://azcookbook.com/2008/03/25/spinach-salad-with-cheese/ - Skipping failure 38 for unknown template AZ Cookbook
2025-10-25 20:58:37,427 [WARNING] scraper.service source=AZ Cookbook recipe=https://azcookbook.com/2008/03/18/easy-baklava/rolled-dough/ - Skipping failure 37 for unknown template AZ Cookbook
2025-10-25 20:58:37,427 [WARNING] scraper.service source=AZ Cookbook recipe=https://azcookbook.com/2008/03/18/easy-baklava/pastry-disk/ - Skipping failure 35 for unknown template AZ Cookbook
2025-10-25 20:58:37,427 [WARNING] scraper.service source=AZ Cookbook recipe=https://azcookbook.com/2008/03/18/easy-baklava/filling-2/ - Skipping failure 34 for unknown template AZ Cookbook
2025-10-25 20:58:37,428 [WARNING] scraper.service source=AZ Cookbook recipe=https://azcookbook.com/2008/03/18/easy-baklava/pastry-layers/ - Skipping failure 36 for unknown template AZ Cookbook
2025-10-25 20:58:37,428 [WARNING] scraper.service source=AZ Cookbook recipe=https://azcookbook.com/2008/03/25/spinach-salad-with-cheese/162-2/ - Skipping failure 39 for unknown template AZ Cookbook
2025-10-25 20:58:37,428 [WARNING] scraper.service source=AZ Cookbook recipe=https://azcookbook.com/2008/03/25/spinach-salad-with-cheese/165-2/ - Skipping failure 40 for unknown template AZ Cookbook
2025-10-25 20:58:37,428 [WARNING] scraper.service source=AZ Cookbook recipe=https://azcookbook.com/2008/03/25/spinach-salad-with-cheese/166-2/ - Skipping failure 41 for unknown template AZ Cookbook
2025-10-25 20:58:37,428 [WARNING] scraper.service source=AZ Cookbook recipe=https://azcookbook.com/2008/03/25/spinach-salad-with-cheese/spinach-salad-with-walnuts/ - Skipping failure 42 for unknown template AZ Cookbook
2025-10-25 20:58:37,428 [WARNING] scraper.service source=AZ Cookbook recipe=https://azcookbook.com/2008/04/01/pirojki-piroshki-with-potato-or-meat/ - Skipping failure 43 for unknown template AZ Cookbook
2025-10-25 20:58:37,428 [WARNING] scraper.service source=AZ Cookbook recipe=https://azcookbook.com/2008/04/01/pirojki-piroshki-with-potato-or-meat/175-2/ - Skipping failure 44 for unknown template AZ Cookbook
2025-10-25 20:58:37,428 [WARNING] scraper.service source=AZ Cookbook recipe=https://azcookbook.com/2008/04/01/pirojki-piroshki-with-potato-or-meat/176-2/ - Skipping failure 45 for unknown template AZ Cookbook
2025-10-25 20:58:37,428 [WARNING] scraper.service source=AZ Cookbook recipe=https://azcookbook.com/2008/04/01/pirojki-piroshki-with-potato-or-meat/177-2/ - Skipping failure 46 for unknown template AZ Cookbook
2025-10-25 20:58:37,428 [WARNING] scraper.service source=AZ Cookbook recipe=https://azcookbook.com/2008/04/01/pirojki-piroshki-with-potato-or-meat/178-2/ - Skipping failure 47 for unknown template AZ Cookbook
2025-10-25 20:58:37,428 [WARNING] scraper.service source=AZ Cookbook recipe=https://azcookbook.com/2008/04/01/pirojki-piroshki-with-potato-or-meat/182-2/ - Skipping failure 51 for unknown template AZ Cookbook
2025-10-25 20:58:37,429 [WARNING] scraper.service source=AZ Cookbook recipe=https://azcookbook.com/2008/04/01/pirojki-piroshki-with-potato-or-meat/183-2/ - Skipping failure 52 for unknown template AZ Cookbook
2025-10-25 20:58:37,429 [WARNING] scraper.service source=AZ Cookbook recipe=https://azcookbook.com/2008/04/01/pirojki-piroshki-with-potato-or-meat/181-2/ - Skipping failure 50 for unknown template AZ Cookbook
2025-10-25 20:58:37,429 [WARNING] scraper.service source=AZ Cookbook recipe=https://azcookbook.com/2008/04/01/pirojki-piroshki-with-potato-or-meat/180-2/ - Skipping failure 49 for unknown template AZ Cookbook
2025-10-25 20:58:37,429 [WARNING] scraper.service source=AZ Cookbook recipe=https://azcookbook.com/2008/04/01/pirojki-piroshki-with-potato-or-meat/179-2/ - Skipping failure 48 for unknown template AZ Cookbook
2025-10-25 20:58:37,429 [WARNING] scraper.service source=AZ Cookbook recipe=https://azcookbook.com/2008/04/01/pirojki-piroshki-with-potato-or-meat/184-2/ - Skipping failure 53 for unknown template AZ Cookbook
2025-10-25 20:58:37,429 [WARNING] scraper.service source=AZ Cookbook recipe=https://azcookbook.com/2008/04/01/pirojki-piroshki-with-potato-or-meat/dough-ball/ - Skipping failure 54 for unknown template AZ Cookbook
2025-10-25 20:58:37,429 [WARNING] scraper.service source=AZ Cookbook recipe=https://azcookbook.com/2008/04/01/pirojki-piroshki-with-potato-or-meat/filling1/ - Skipping failure 55 for unknown template AZ Cookbook
2025-10-25 20:58:37,429 [WARNING] scraper.service source=AZ Cookbook recipe=https://azcookbook.com/2008/04/01/pirojki-piroshki-with-potato-or-meat/glazing/ - Skipping failure 56 for unknown template AZ Cookbook
2025-10-25 20:58:37,429 [WARNING] scraper.service source=AZ Cookbook recipe=https://azcookbook.com/2008/04/01/pirojki-piroshki-with-potato-or-meat/pirojki-potato/ - Skipping failure 57 for unknown template AZ Cookbook
2025-10-25 20:58:37,429 [WARNING] scraper.service source=AZ Cookbook recipe=https://azcookbook.com/2008/04/01/pirojki-piroshki-with-potato-or-meat/potato-filling/ - Skipping failure 58 for unknown template AZ Cookbook
2025-10-25 20:58:37,429 [WARNING] scraper.service source=Bahamas Recipes recipe=https://bahamasrecipes.com/ - Skipping failure 59 for unknown template Bahamas Recipes
2025-10-25 20:58:37,430 [WARNING] scraper.service source=Bahrain Recipes recipe=https://bahrainrecipes.com/ - Skipping failure 60 for unknown template Bahrain Recipes
2025-10-25 20:58:37,430 [WARNING] scraper.service source=Bangladesh Recipes recipe=https://bangladeshrecipes.com/ - Skipping failure 63 for unknown template Bangladesh Recipes
2025-10-25 20:58:37,430 [WARNING] scraper.service source=Barbados Foodie recipe=https://barbadosfoodie.com/ - Skipping failure 64 for unknown template Barbados Foodie
2025-10-25 20:58:37,430 [WARNING] scraper.service source=Belarus Recipes recipe=https://belarusrecipes.com/ - Skipping failure 65 for unknown template Belarus Recipes
2025-10-25 20:58:37,430 [WARNING] scraper.service source=Belgium Recipes recipe=https://belgiumrecipes.com/ - Skipping failure 66 for unknown template Belgium Recipes
2025-10-25 20:58:37,430 [WARNING] scraper.service source=Belize Recipes recipe=https://belizerecipes.com/ - Skipping failure 67 for unknown template Belize Recipes
2025-10-25 21:14:00,062 [WARNING] scraper.service source=Afghan Kitchen Recipes recipe=https://afghankitchenrecipes.com/ - Skipping failure 7 for unknown template Afghan Kitchen Recipes
2025-10-25 21:14:00,063 [WARNING] scraper.service source=Visit Andorra recipe=https://visitandorra.com/de/andorra-selected/ - Skipping failure 1 for unknown template Visit Andorra
2025-10-25 21:14:00,063 [WARNING] scraper.service source=Visit Andorra recipe=https://visitandorra.com/en//plan-your-trip - Skipping failure 2 for unknown template Visit Andorra
2025-10-25 21:14:00,064 [WARNING] scraper.service source=Visit Andorra recipe=https://visitandorra.com/en/andorra-selected/ - Skipping failure 11 for unknown template Visit Andorra
2025-10-25 21:14:00,064 [WARNING] scraper.service source=A Taste of Algeria recipe=https://atasteofalgeria.com/ - Skipping failure 8 for unknown template A Taste of Algeria
2025-10-25 21:14:00,064 [WARNING] scraper.service source=Taste Antigua Barbuda recipe=https://tasteantiguabarbuda.com/ - Skipping failure 13 for unknown template Taste Antigua Barbuda
2025-10-25 21:14:00,065 [WARNING] scraper.service source=Argentine Cuisine recipe=https://argentinecuisine.com/ - Skipping failure 14 for unknown template Argentine Cuisine
2025-10-25 21:14:00,065 [WARNING] scraper.service source=Taste.com.au recipe=https://www.taste.com.au/ - Skipping failure 15 for unknown template Taste.com.au
2025-10-25 21:14:00,065 [WARNING] scraper.service source=Austrian Food recipe=https://austrianfood.net/10-finest-home-improvement-and-repair-books-for-householders.html - Skipping failure 16 for unknown template Austrian Food
2025-10-25 21:14:00,066 [WARNING] scraper.service source=Austrian Food recipe=https://austrianfood.net/10-home-improvement-ideas-that-can-effectively-assist-you-to-promote-a-house-quickly.html - Skipping failure 17 for unknown template Austrian Food
2025-10-25 21:14:00,066 [WARNING] scraper.service source=Austrian Food recipe=https://austrianfood.net/10-home-improvement-suggestions-that-can-successfully-assist-you-to-sell-a-house-shortly.html - Skipping failure 18 for unknown template Austrian Food
2025-10-25 21:14:00,066 [WARNING] scraper.service source=Austrian Food recipe=https://austrianfood.net/11-tasty-food-and-cooking-shows-to-stream-now.html - Skipping failure 19 for unknown template Austrian Food
2025-10-25 21:14:00,067 [WARNING] scraper.service source=Austrian Food recipe=https://austrianfood.net/12-finest-home-improvement-projects-under-100.html - Skipping failure 20 for unknown template Austrian Food
2025-10-25 21:14:00,067 [WARNING] scraper.service source=Austrian Food recipe=https://austrianfood.net/12-greatest-home-improvement-tasks-beneath-100.html - Skipping failure 21 for unknown template Austrian Food
2025-10-25 21:14:00,067 [WARNING] scraper.service source=Austrian Food recipe=https://austrianfood.net/12-greatest-home-improvement-tasks-underneath-100.html - Skipping failure 22 for unknown template Austrian Food
2025-10-25 21:14:00,068 [WARNING] scraper.service source=Austrian Food recipe=https://austrianfood.net/21-home-improvement-concepts-on-price-range.html - Skipping failure 23 for unknown template Austrian Food
2025-10-25 21:14:00,068 [WARNING] scraper.service source=AZ Cookbook recipe=https://azcookbook.com/2008/03/18/easy-baklava/152-2/ - Skipping failure 24 for unknown template AZ Cookbook
2025-10-25 21:14:00,068 [WARNING] scraper.service source=AZ Cookbook recipe=https://azcookbook.com/2008/03/18/easy-baklava/153-2/ - Skipping failure 25 for unknown template AZ Cookbook
2025-10-25 21:14:00,068 [WARNING] scraper.service source=AZ Cookbook recipe=https://azcookbook.com/2008/03/18/easy-baklava/154-2/ - Skipping failure 26 for unknown template AZ Cookbook
2025-10-25 21:14:00,069 [WARNING] scraper.service source=AZ Cookbook recipe=https://azcookbook.com/2008/03/18/easy-baklava/155-2/ - Skipping failure 27 for unknown template AZ Cookbook
2025-10-25 21:14:00,069 [WARNING] scraper.service source=AZ Cookbook recipe=https://azcookbook.com/2008/03/18/easy-baklava/156-2/ - Skipping failure 28 for unknown template AZ Cookbook
2025-10-25 21:14:00,069 [WARNING] scraper.service source=AZ Cookbook recipe=https://azcookbook.com/2008/03/18/easy-baklava/159-2/ - Skipping failure 29 for unknown template AZ Cookbook
2025-10-25 21:14:00,069 [WARNING] scraper.service source=AZ Cookbook recipe=https://azcookbook.com/2008/03/18/easy-baklava/baked-baklava/ - Skipping failure 30 for unknown template AZ Cookbook
2025-10-25 21:14:00,070 [WARNING] scraper.service source=AZ Cookbook recipe=https://azcookbook.com/2008/03/18/easy-baklava/baklava-diamonds/ - Skipping failure 31 for unknown template AZ Cookbook
2025-10-25 21:14:00,070 [WARNING] scraper.service source=AZ Cookbook recipe=https://azcookbook.com/2008/03/18/easy-baklava/crumble/ - Skipping failure 32 for unknown template AZ Cookbook
2025-10-25 21:14:00,070 [WARNING] scraper.service source=AZ Cookbook recipe=https://azcookbook.com/2008/03/18/easy-baklava/easy-baklava-2/ - Skipping failure 33 for unknown template AZ Cookbook
2025-10-25 21:14:00,071 [WARNING] scraper.service source=AZ Cookbook recipe=https://azcookbook.com/2008/03/25/spinach-salad-with-cheese/ - Skipping failure 38 for unknown template AZ Cookbook
2025-10-25 21:14:00,071 [WARNING] scraper.service source=AZ Cookbook recipe=https://azcookbook.com/2008/03/18/easy-baklava/rolled-dough/ - Skipping failure 37 for unknown template AZ Cookbook
2025-10-25 21:14:00,071 [WARNING] scraper.service source=AZ Cookbook recipe=https://azcookbook.com/2008/03/18/easy-baklava/pastry-disk/ - Skipping failure 35 for unknown template AZ Cookbook
2025-10-25 21:14:00,072 [WARNING] scraper.service source=AZ Cookbook recipe=https://azcookbook.com/2008/03/18/easy-baklava/filling-2/ - Skipping failure 34 for unknown template AZ Cookbook
2025-10-25 21:14:00,072 [WARNING] scraper.service source=AZ Cookbook recipe=https://azcookbook.com/2008/03/18/easy-baklava/pastry-layers/ - Skipping failure 36 for unknown template AZ Cookbook
2025-10-25 21:14:00,072 [WARNING] scraper.service source=AZ Cookbook recipe=https://azcookbook.com/2008/03/25/spinach-salad-with-cheese/162-2/ - Skipping failure 39 for unknown template AZ Cookbook
2025-10-25 21:14:00,072 [WARNING] scraper.service source=AZ Cookbook recipe=https://azcookbook.com/2008/03/25/spinach-salad-with-cheese/165-2/ - Skipping failure 40 for unknown template AZ Cookbook
2025-10-25 21:14:00,073 [WARNING] scraper.service source=AZ Cookbook recipe=https://azcookbook.com/2008/03/25/spinach-salad-with-cheese/166-2/ - Skipping failure 41 for unknown template AZ Cookbook
2025-10-25 21:14:00,073 [WARNING] scraper.service source=AZ Cookbook recipe=https://azcookbook.com/2008/03/25/spinach-salad-with-cheese/spinach-salad-with-walnuts/ - Skipping failure 42 for unknown template AZ Cookbook
2025-10-25 21:14:00,073 [WARNING] scraper.service source=AZ Cookbook recipe=https://azcookbook.com/2008/04/01/pirojki-piroshki-with-potato-or-meat/ - Skipping failure 43 for unknown template AZ Cookbook
2025-10-25 21:14:00,074 [WARNING] scraper.service source=AZ Cookbook recipe=https://azcookbook.com/2008/04/01/pirojki-piroshki-with-potato-or-meat/175-2/ - Skipping failure 44 for unknown template AZ Cookbook
2025-10-25 21:14:00,074 [WARNING] scraper.service source=AZ Cookbook recipe=https://azcookbook.com/2008/04/01/pirojki-piroshki-with-potato-or-meat/176-2/ - Skipping failure 45 for unknown template AZ Cookbook
2025-10-25 21:14:00,074 [WARNING] scraper.service source=AZ Cookbook recipe=https://azcookbook.com/2008/04/01/pirojki-piroshki-with-potato-or-meat/177-2/ - Skipping failure 46 for unknown template AZ Cookbook
2025-10-25 21:14:00,074 [WARNING] scraper.service source=AZ Cookbook recipe=https://azcookbook.com/2008/04/01/pirojki-piroshki-with-potato-or-meat/178-2/ - Skipping failure 47 for unknown template AZ Cookbook
2025-10-25 21:14:00,075 [WARNING] scraper.service source=AZ Cookbook recipe=https://azcookbook.com/2008/04/01/pirojki-piroshki-with-potato-or-meat/182-2/ - Skipping failure 51 for unknown template AZ Cookbook
2025-10-25 21:14:00,075 [WARNING] scraper.service source=AZ Cookbook recipe=https://azcookbook.com/2008/04/01/pirojki-piroshki-with-potato-or-meat/183-2/ - Skipping failure 52 for unknown template AZ Cookbook
2025-10-25 21:14:00,075 [WARNING] scraper.service source=AZ Cookbook recipe=https://azcookbook.com/2008/04/01/pirojki-piroshki-with-potato-or-meat/181-2/ - Skipping failure 50 for unknown template AZ Cookbook
2025-10-25 21:14:00,076 [WARNING] scraper.service source=AZ Cookbook recipe=https://azcookbook.com/2008/04/01/pirojki-piroshki-with-potato-or-meat/180-2/ - Skipping failure 49 for unknown template AZ Cookbook
2025-10-25 21:14:00,076 [WARNING] scraper.service source=AZ Cookbook recipe=https://azcookbook.com/2008/04/01/pirojki-piroshki-with-potato-or-meat/179-2/ - Skipping failure 48 for unknown template AZ Cookbook
2025-10-25 21:14:00,076 [WARNING] scraper.service source=AZ Cookbook recipe=https://azcookbook.com/2008/04/01/pirojki-piroshki-with-potato-or-meat/184-2/ - Skipping failure 53 for unknown template AZ Cookbook
2025-10-25 21:14:00,077 [WARNING] scraper.service source=AZ Cookbook recipe=https://azcookbook.com/2008/04/01/pirojki-piroshki-with-potato-or-meat/dough-ball/ - Skipping failure 54 for unknown template AZ Cookbook
2025-10-25 21:14:00,077 [WARNING] scraper.service source=AZ Cookbook recipe=https://azcookbook.com/2008/04/01/pirojki-piroshki-with-potato-or-meat/filling1/ - Skipping failure 55 for unknown template AZ Cookbook
2025-10-25 21:14:00,077 [WARNING] scraper.service source=AZ Cookbook recipe=https://azcookbook.com/2008/04/01/pirojki-piroshki-with-potato-or-meat/glazing/ - Skipping failure 56 for unknown template AZ Cookbook
2025-10-25 21:14:00,078 [WARNING] scraper.service source=AZ Cookbook recipe=https://azcookbook.com/2008/04/01/pirojki-piroshki-with-potato-or-meat/pirojki-potato/ - Skipping failure 57 for unknown template AZ Cookbook
2025-10-25 21:14:00,078 [WARNING] scraper.service source=AZ Cookbook recipe=https://azcookbook.com/2008/04/01/pirojki-piroshki-with-potato-or-meat/potato-filling/ - Skipping failure 58 for unknown template AZ Cookbook
2025-10-25 21:14:00,078 [WARNING] scraper.service source=Bahamas Recipes recipe=https://bahamasrecipes.com/ - Skipping failure 59 for unknown template Bahamas Recipes
2025-10-25 21:14:00,078 [WARNING] scraper.service source=Bahrain Recipes recipe=https://bahrainrecipes.com/ - Skipping failure 60 for unknown template Bahrain Recipes
2025-10-25 21:14:00,079 [WARNING] scraper.service source=Bangladesh Recipes recipe=https://bangladeshrecipes.com/ - Skipping failure 63 for unknown template Bangladesh Recipes
2025-10-25 21:14:00,079 [WARNING] scraper.service source=Barbados Foodie recipe=https://barbadosfoodie.com/ - Skipping failure 64 for unknown template Barbados Foodie
2025-10-25 21:14:00,079 [WARNING] scraper.service source=Belarus Recipes recipe=https://belarusrecipes.com/ - Skipping failure 65 for unknown template Belarus Recipes
2025-10-25 21:14:00,080 [WARNING] scraper.service source=Belgium Recipes recipe=https://belgiumrecipes.com/ - Skipping failure 66 for unknown template Belgium Recipes
2025-10-25 21:14:00,080 [WARNING] scraper.service source=Belize Recipes recipe=https://belizerecipes.com/ - Skipping failure 67 for unknown template Belize Recipes
2025-10-25 21:18:24,074 [ERROR] scraper.service source=Kosher World Kitchen - Botswana recipe=mailto:trmarvin@gmail.com - Failed to scrape mailto:trmarvin@gmail.com: No connection adapters were found for 'mailto:trmarvin@gmail.com'
Traceback (most recent call last):
  File "/home/ollie/development/recipe-repository/scraper/service.py", line 126, in _scrape_template
    recipe = self._article_scraper.scrape(template, url)
             ^^^^^^^^^^^^^^^^^^^^^^^^^^^^^^^^^^^^^^^^^^^
  File "/home/ollie/development/recipe-repository/scraper/extractors.py", line 299, in scrape
    response = self._http.get(url)
               ^^^^^^^^^^^^^^^^^^^
  File "/home/ollie/development/recipe-repository/scraper/http_client.py", line 58, in get
    response = self._session.get(url, timeout=timeout, **kwargs)
               ^^^^^^^^^^^^^^^^^^^^^^^^^^^^^^^^^^^^^^^^^^^^^^^^^
  File "/home/ollie/development/recipe-repository/venv/lib/python3.12/site-packages/requests/sessions.py", line 602, in get
    return self.request("GET", url, **kwargs)
           ^^^^^^^^^^^^^^^^^^^^^^^^^^^^^^^^^^
  File "/home/ollie/development/recipe-repository/venv/lib/python3.12/site-packages/requests/sessions.py", line 589, in request
    resp = self.send(prep, **send_kwargs)
           ^^^^^^^^^^^^^^^^^^^^^^^^^^^^^^
  File "/home/ollie/development/recipe-repository/venv/lib/python3.12/site-packages/requests/sessions.py", line 697, in send
    adapter = self.get_adapter(url=request.url)
              ^^^^^^^^^^^^^^^^^^^^^^^^^^^^^^^^^
  File "/home/ollie/development/recipe-repository/venv/lib/python3.12/site-packages/requests/sessions.py", line 792, in get_adapter
    raise InvalidSchema(f"No connection adapters were found for {url!r}")
requests.exceptions.InvalidSchema: No connection adapters were found for 'mailto:trmarvin@gmail.com'
